FILES LOADED !

[035mtype : "play(inline,human,random)" to begin[0m


PLAYER 1
I chose the piece n°1 : 0000
[033m+-----+-----+-----+-----+
|     |     |     |     |
|     |     |     |     |
+-----+-----+-----+-----+
|     |     |     |     |
|     |     |     |     |
+-----+-----+-----+-----+
|     |     |     |     |
|     |     |     |     |
+-----+-----+-----+-----+
|     |     |     |     |
|     |     |     |     |
+-----+-----+-----+-----+
[0m
PLAYER 2
[033m+-----+-----+-----+-----+
|     |     |     |     |
|     |     |     |     |
+-----+-----+-----+-----+
|     |     |     |     |
|     |     |     |     |
+-----+-----+-----+-----+
|     |     |     | 0 0 |
|     |     |     | 0 0 |
+-----+-----+-----+-----+
|     |     |     |     |
|     |     |     |     |
+-----+-----+-----+-----+
[0m
PLAYER 2
I chose the piece n°3 : 0010
[033m+-----+-----+-----+-----+
|     |     |     |     |
|     |     |     |     |
+-----+-----+-----+-----+
|     |     |     |     |
|     |     |     |     |
+-----+-----+-----+-----+
|     |     |     | 0 0 |
|     |     |     | 0 0 |
+-----+-----+-----+-----+
|     |     |     |     |
|     |     |     |     |
+-----+-----+-----+-----+
[0m
PLAYER 1
[033m+-----+-----+-----+-----+
|     |     |     |     |
|     |     |     |     |
+-----+-----+-----+-----+
|     |     |     |     |
|     |     |     |     |
+-----+-----+-----+-----+
|     |     | 0 0 | 0 0 |
|     |     | 1 0 | 0 0 |
+-----+-----+-----+-----+
|     |     |     |     |
|     |     |     |     |
+-----+-----+-----+-----+
[0m
PLAYER 1
I chose the piece n°14 : 1101
[033m+-----+-----+-----+-----+
|     |     |     |     |
|     |     |     |     |
+-----+-----+-----+-----+
|     |     |     |     |
|     |     |     |     |
+-----+-----+-----+-----+
|     |     | 0 0 | 0 0 |
|     |     | 1 0 | 0 0 |
+-----+-----+-----+-----+
|     |     |     |     |
|     |     |     |     |
+-----+-----+-----+-----+
[0m
PLAYER 2
[033m+-----+-----+-----+-----+
|     |     |     |     |
|     |     |     |     |
+-----+-----+-----+-----+
| 1 1 |     |     |     |
| 0 1 |     |     |     |
+-----+-----+-----+-----+
|     |     | 0 0 | 0 0 |
|     |     | 1 0 | 0 0 |
+-----+-----+-----+-----+
|     |     |     |     |
|     |     |     |     |
+-----+-----+-----+-----+
[0m
PLAYER 2
I chose the piece n°10 : 1001
[033m+-----+-----+-----+-----+
|     |     |     |     |
|     |     |     |     |
+-----+-----+-----+-----+
| 1 1 |     |     |     |
| 0 1 |     |     |     |
+-----+-----+-----+-----+
|     |     | 0 0 | 0 0 |
|     |     | 1 0 | 0 0 |
+-----+-----+-----+-----+
|     |     |     |     |
|     |     |     |     |
+-----+-----+-----+-----+
[0m
PLAYER 1
[033m+-----+-----+-----+-----+
|     |     |     | 1 0 |
|     |     |     | 0 1 |
+-----+-----+-----+-----+
| 1 1 |     |     |     |
| 0 1 |     |     |     |
+-----+-----+-----+-----+
|     |     | 0 0 | 0 0 |
|     |     | 1 0 | 0 0 |
+-----+-----+-----+-----+
|     |     |     |     |
|     |     |     |     |
+-----+-----+-----+-----+
[0m
PLAYER 1
I chose the piece n°8 : 0111
[033m+-----+-----+-----+-----+
|     |     |     | 1 0 |
|     |     |     | 0 1 |
+-----+-----+-----+-----+
| 1 1 |     |     |     |
| 0 1 |     |     |     |
+-----+-----+-----+-----+
|     |     | 0 0 | 0 0 |
|     |     | 1 0 | 0 0 |
+-----+-----+-----+-----+
|     |     |     |     |
|     |     |     |     |
+-----+-----+-----+-----+
[0m
PLAYER 2
[033m+-----+-----+-----+-----+
| 0 1 |     |     | 1 0 |
| 1 1 |     |     | 0 1 |
+-----+-----+-----+-----+
| 1 1 |     |     |     |
| 0 1 |     |     |     |
+-----+-----+-----+-----+
|     |     | 0 0 | 0 0 |
|     |     | 1 0 | 0 0 |
+-----+-----+-----+-----+
|     |     |     |     |
|     |     |     |     |
+-----+-----+-----+-----+
[0m
PLAYER 2
I chose the piece n°6 : 0101
[033m+-----+-----+-----+-----+
| 0 1 |     |     | 1 0 |
| 1 1 |     |     | 0 1 |
+-----+-----+-----+-----+
| 1 1 |     |     |     |
| 0 1 |     |     |     |
+-----+-----+-----+-----+
|     |     | 0 0 | 0 0 |
|     |     | 1 0 | 0 0 |
+-----+-----+-----+-----+
|     |     |     |     |
|     |     |     |     |
+-----+-----+-----+-----+
[0m
PLAYER 1
[033m+-----+-----+-----+-----+
| 0 1 |     |     | 1 0 |
| 1 1 |     |     | 0 1 |
+-----+-----+-----+-----+
| 1 1 | 0 1 |     |     |
| 0 1 | 0 1 |     |     |
+-----+-----+-----+-----+
|     |     | 0 0 | 0 0 |
|     |     | 1 0 | 0 0 |
+-----+-----+-----+-----+
|     |     |     |     |
|     |     |     |     |
+-----+-----+-----+-----+
[0m
PLAYER 1
I chose the piece n°13 : 1100
[033m+-----+-----+-----+-----+
| 0 1 |     |     | 1 0 |
| 1 1 |     |     | 0 1 |
+-----+-----+-----+-----+
| 1 1 | 0 1 |     |     |
| 0 1 | 0 1 |     |     |
+-----+-----+-----+-----+
|     |     | 0 0 | 0 0 |
|     |     | 1 0 | 0 0 |
+-----+-----+-----+-----+
|     |     |     |     |
|     |     |     |     |
+-----+-----+-----+-----+
[0m
PLAYER 2
I chose the piece n°15 : 1110
[033m+-----+-----+-----+-----+
| 0 1 |     |     | 1 0 |
| 1 1 |     |     | 0 1 |
+-----+-----+-----+-----+
| 1 1 | 0 1 |     |     |
| 0 1 | 0 1 |     |     |
+-----+-----+-----+-----+
|     |     | 0 0 | 0 0 |
|     |     | 1 0 | 0 0 |
+-----+-----+-----+-----+
|     |     |     |     |
|     |     |     |     |
+-----+-----+-----+-----+
[0m
PLAYER 2
[033m+-----+-----+-----+-----+
| 0 1 |     |     | 1 0 |
| 1 1 |     |     | 0 1 |
+-----+-----+-----+-----+
| 1 1 | 0 1 |     |     |
| 0 1 | 0 1 |     |     |
+-----+-----+-----+-----+
|     |     | 0 0 | 0 0 |
|     |     | 1 0 | 0 0 |
+-----+-----+-----+-----+
|     |     | 1 1 |     |
|     |     | 1 0 |     |
+-----+-----+-----+-----+
[0m
PLAYER 2
I chose the piece n°16 : 1111
[033m+-----+-----+-----+-----+
| 0 1 |     |     | 1 0 |
| 1 1 |     |     | 0 1 |
+-----+-----+-----+-----+
| 1 1 | 0 1 |     |     |
| 0 1 | 0 1 |     |     |
+-----+-----+-----+-----+
|     |     | 0 0 | 0 0 |
|     |     | 1 0 | 0 0 |
+-----+-----+-----+-----+
|     |     | 1 1 |     |
|     |     | 1 0 |     |
+-----+-----+-----+-----+
[0m
PLAYER 1
I chose the piece n°4 : 0011
[033m+-----+-----+-----+-----+
| 0 1 |     |     | 1 0 |
| 1 1 |     |     | 0 1 |
+-----+-----+-----+-----+
| 1 1 | 0 1 |     |     |
| 0 1 | 0 1 |     |     |
+-----+-----+-----+-----+
|     |     | 0 0 | 0 0 |
|     |     | 1 0 | 0 0 |
+-----+-----+-----+-----+
|     |     | 1 1 |     |
|     |     | 1 0 |     |
+-----+-----+-----+-----+
[0m
PLAYER 1
I chose the piece n°9 : 1000
[033m+-----+-----+-----+-----+
| 0 1 |     |     | 1 0 |
| 1 1 |     |     | 0 1 |
+-----+-----+-----+-----+
| 1 1 | 0 1 |     |     |
| 0 1 | 0 1 |     |     |
+-----+-----+-----+-----+
|     |     | 0 0 | 0 0 |
|     |     | 1 0 | 0 0 |
+-----+-----+-----+-----+
|     |     | 1 1 |     |
|     |     | 1 0 |     |
+-----+-----+-----+-----+
[0m
PLAYER 1
[033m+-----+-----+-----+-----+
| 0 1 |     | 1 0 | 1 0 |
| 1 1 |     | 0 0 | 0 1 |
+-----+-----+-----+-----+
| 1 1 | 0 1 |     |     |
| 0 1 | 0 1 |     |     |
+-----+-----+-----+-----+
|     |     | 0 0 | 0 0 |
|     |     | 1 0 | 0 0 |
+-----+-----+-----+-----+
|     |     | 1 1 |     |
|     |     | 1 0 |     |
+-----+-----+-----+-----+
[0m
PLAYER 1
I chose the piece n°5 : 0100
[033m+-----+-----+-----+-----+
| 0 1 |     | 1 0 | 1 0 |
| 1 1 |     | 0 0 | 0 1 |
+-----+-----+-----+-----+
| 1 1 | 0 1 |     |     |
| 0 1 | 0 1 |     |     |
+-----+-----+-----+-----+
|     |     | 0 0 | 0 0 |
|     |     | 1 0 | 0 0 |
+-----+-----+-----+-----+
|     |     | 1 1 |     |
|     |     | 1 0 |     |
+-----+-----+-----+-----+
[0m
PLAYER 2
I chose the piece n°7 : 0110
[033m+-----+-----+-----+-----+
| 0 1 |     | 1 0 | 1 0 |
| 1 1 |     | 0 0 | 0 1 |
+-----+-----+-----+-----+
| 1 1 | 0 1 |     |     |
| 0 1 | 0 1 |     |     |
+-----+-----+-----+-----+
|     |     | 0 0 | 0 0 |
|     |     | 1 0 | 0 0 |
+-----+-----+-----+-----+
|     |     | 1 1 |     |
|     |     | 1 0 |     |
+-----+-----+-----+-----+
[0m
PLAYER 2
[033m+-----+-----+-----+-----+
| 0 1 |     | 1 0 | 1 0 |
| 1 1 |     | 0 0 | 0 1 |
+-----+-----+-----+-----+
| 1 1 | 0 1 |     |     |
| 0 1 | 0 1 |     |     |
+-----+-----+-----+-----+
|     |     | 0 0 | 0 0 |
|     |     | 1 0 | 0 0 |
+-----+-----+-----+-----+
|     |     | 1 1 | 0 1 |
|     |     | 1 0 | 1 0 |
+-----+-----+-----+-----+
[0m[031m*************************************
* GAME OVER * GAME OVER * GAME OVER *
*************************************
Player 1 aligned white pieces on the 1st diagonal[0m

PLAYER 1
I chose the piece n°7 : 0110
[033m+-----+-----+-----+-----+
|     |     |     |     |
|     |     |     |     |
+-----+-----+-----+-----+
|     |     |     |     |
|     |     |     |     |
+-----+-----+-----+-----+
|     |     |     |     |
|     |     |     |     |
+-----+-----+-----+-----+
|     |     |     |     |
|     |     |     |     |
+-----+-----+-----+-----+
[0m
PLAYER 2
[033m+-----+-----+-----+-----+
|     |     |     |     |
|     |     |     |     |
+-----+-----+-----+-----+
|     |     |     |     |
|     |     |     |     |
+-----+-----+-----+-----+
|     |     |     |     |
|     |     |     |     |
+-----+-----+-----+-----+
| 0 1 |     |     |     |
| 1 0 |     |     |     |
+-----+-----+-----+-----+
[0m
PLAYER 2
I chose the piece n°11 : 1010
[033m+-----+-----+-----+-----+
|     |     |     |     |
|     |     |     |     |
+-----+-----+-----+-----+
|     |     |     |     |
|     |     |     |     |
+-----+-----+-----+-----+
|     |     |     |     |
|     |     |     |     |
+-----+-----+-----+-----+
| 0 1 |     |     |     |
| 1 0 |     |     |     |
+-----+-----+-----+-----+
[0m
PLAYER 1
I chose the piece n°11 : 1010
[033m+-----+-----+-----+-----+
|     |     |     |     |
|     |     |     |     |
+-----+-----+-----+-----+
|     |     |     |     |
|     |     |     |     |
+-----+-----+-----+-----+
|     |     |     |     |
|     |     |     |     |
+-----+-----+-----+-----+
| 0 1 |     |     |     |
| 1 0 |     |     |     |
+-----+-----+-----+-----+
[0m
PLAYER 1
[033m+-----+-----+-----+-----+
|     |     |     |     |
|     |     |     |     |
+-----+-----+-----+-----+
|     |     | 1 0 |     |
|     |     | 1 0 |     |
+-----+-----+-----+-----+
|     |     |     |     |
|     |     |     |     |
+-----+-----+-----+-----+
| 0 1 |     |     |     |
| 1 0 |     |     |     |
+-----+-----+-----+-----+
[0m
PLAYER 1
I chose the piece n°2 : 0001
[033m+-----+-----+-----+-----+
|     |     |     |     |
|     |     |     |     |
+-----+-----+-----+-----+
|     |     | 1 0 |     |
|     |     | 1 0 |     |
+-----+-----+-----+-----+
|     |     |     |     |
|     |     |     |     |
+-----+-----+-----+-----+
| 0 1 |     |     |     |
| 1 0 |     |     |     |
+-----+-----+-----+-----+
[0m
PLAYER 2
[033m+-----+-----+-----+-----+
| 0 0 |     |     |     |
| 0 1 |     |     |     |
+-----+-----+-----+-----+
|     |     | 1 0 |     |
|     |     | 1 0 |     |
+-----+-----+-----+-----+
|     |     |     |     |
|     |     |     |     |
+-----+-----+-----+-----+
| 0 1 |     |     |     |
| 1 0 |     |     |     |
+-----+-----+-----+-----+
[0m
PLAYER 2
I chose the piece n°12 : 1011
[033m+-----+-----+-----+-----+
| 0 0 |     |     |     |
| 0 1 |     |     |     |
+-----+-----+-----+-----+
|     |     | 1 0 |     |
|     |     | 1 0 |     |
+-----+-----+-----+-----+
|     |     |     |     |
|     |     |     |     |
+-----+-----+-----+-----+
| 0 1 |     |     |     |
| 1 0 |     |     |     |
+-----+-----+-----+-----+
[0m
PLAYER 1
[033m+-----+-----+-----+-----+
| 0 0 |     |     | 1 0 |
| 0 1 |     |     | 1 1 |
+-----+-----+-----+-----+
|     |     | 1 0 |     |
|     |     | 1 0 |     |
+-----+-----+-----+-----+
|     |     |     |     |
|     |     |     |     |
+-----+-----+-----+-----+
| 0 1 |     |     |     |
| 1 0 |     |     |     |
+-----+-----+-----+-----+
[0m
PLAYER 1
I chose the piece n°13 : 1100
[033m+-----+-----+-----+-----+
| 0 0 |     |     | 1 0 |
| 0 1 |     |     | 1 1 |
+-----+-----+-----+-----+
|     |     | 1 0 |     |
|     |     | 1 0 |     |
+-----+-----+-----+-----+
|     |     |     |     |
|     |     |     |     |
+-----+-----+-----+-----+
| 0 1 |     |     |     |
| 1 0 |     |     |     |
+-----+-----+-----+-----+
[0m
PLAYER 2
I chose the piece n°8 : 0111
[033m+-----+-----+-----+-----+
| 0 0 |     |     | 1 0 |
| 0 1 |     |     | 1 1 |
+-----+-----+-----+-----+
|     |     | 1 0 |     |
|     |     | 1 0 |     |
+-----+-----+-----+-----+
|     |     |     |     |
|     |     |     |     |
+-----+-----+-----+-----+
| 0 1 |     |     |     |
| 1 0 |     |     |     |
+-----+-----+-----+-----+
[0m
PLAYER 2
[033m+-----+-----+-----+-----+
| 0 0 |     |     | 1 0 |
| 0 1 |     |     | 1 1 |
+-----+-----+-----+-----+
| 0 1 |     | 1 0 |     |
| 1 1 |     | 1 0 |     |
+-----+-----+-----+-----+
|     |     |     |     |
|     |     |     |     |
+-----+-----+-----+-----+
| 0 1 |     |     |     |
| 1 0 |     |     |     |
+-----+-----+-----+-----+
[0m
PLAYER 2
I chose the piece n°1 : 0000
[033m+-----+-----+-----+-----+
| 0 0 |     |     | 1 0 |
| 0 1 |     |     | 1 1 |
+-----+-----+-----+-----+
| 0 1 |     | 1 0 |     |
| 1 1 |     | 1 0 |     |
+-----+-----+-----+-----+
|     |     |     |     |
|     |     |     |     |
+-----+-----+-----+-----+
| 0 1 |     |     |     |
| 1 0 |     |     |     |
+-----+-----+-----+-----+
[0m
PLAYER 1
I chose the piece n°3 : 0010
[033m+-----+-----+-----+-----+
| 0 0 |     |     | 1 0 |
| 0 1 |     |     | 1 1 |
+-----+-----+-----+-----+
| 0 1 |     | 1 0 |     |
| 1 1 |     | 1 0 |     |
+-----+-----+-----+-----+
|     |     |     |     |
|     |     |     |     |
+-----+-----+-----+-----+
| 0 1 |     |     |     |
| 1 0 |     |     |     |
+-----+-----+-----+-----+
[0m
PLAYER 1
I chose the piece n°13 : 1100
[033m+-----+-----+-----+-----+
| 0 0 |     |     | 1 0 |
| 0 1 |     |     | 1 1 |
+-----+-----+-----+-----+
| 0 1 |     | 1 0 |     |
| 1 1 |     | 1 0 |     |
+-----+-----+-----+-----+
|     |     |     |     |
|     |     |     |     |
+-----+-----+-----+-----+
| 0 1 |     |     |     |
| 1 0 |     |     |     |
+-----+-----+-----+-----+
[0m
PLAYER 1
I chose the piece n°4 : 0011
[033m+-----+-----+-----+-----+
| 0 0 |     |     | 1 0 |
| 0 1 |     |     | 1 1 |
+-----+-----+-----+-----+
| 0 1 |     | 1 0 |     |
| 1 1 |     | 1 0 |     |
+-----+-----+-----+-----+
|     |     |     |     |
|     |     |     |     |
+-----+-----+-----+-----+
| 0 1 |     |     |     |
| 1 0 |     |     |     |
+-----+-----+-----+-----+
[0m
PLAYER 1
[033m+-----+-----+-----+-----+
| 0 0 |     |     | 1 0 |
| 0 1 |     |     | 1 1 |
+-----+-----+-----+-----+
| 0 1 |     | 1 0 |     |
| 1 1 |     | 1 0 |     |
+-----+-----+-----+-----+
|     | 0 0 |     |     |
|     | 1 1 |     |     |
+-----+-----+-----+-----+
| 0 1 |     |     |     |
| 1 0 |     |     |     |
+-----+-----+-----+-----+
[0m[031m*************************************
* GAME OVER * GAME OVER * GAME OVER *
*************************************
Player 2 aligned square pieces on the 2nd diagonal[0m

PLAYER 1
I chose the piece n°15 : 1110
[033m+-----+-----+-----+-----+
|     |     |     |     |
|     |     |     |     |
+-----+-----+-----+-----+
|     |     |     |     |
|     |     |     |     |
+-----+-----+-----+-----+
|     |     |     |     |
|     |     |     |     |
+-----+-----+-----+-----+
|     |     |     |     |
|     |     |     |     |
+-----+-----+-----+-----+
[0m
PLAYER 2
[033m+-----+-----+-----+-----+
|     |     |     |     |
|     |     |     |     |
+-----+-----+-----+-----+
|     |     |     |     |
|     |     |     |     |
+-----+-----+-----+-----+
|     | 1 1 |     |     |
|     | 1 0 |     |     |
+-----+-----+-----+-----+
|     |     |     |     |
|     |     |     |     |
+-----+-----+-----+-----+
[0m
PLAYER 2
I chose the piece n°1 : 0000
[033m+-----+-----+-----+-----+
|     |     |     |     |
|     |     |     |     |
+-----+-----+-----+-----+
|     |     |     |     |
|     |     |     |     |
+-----+-----+-----+-----+
|     | 1 1 |     |     |
|     | 1 0 |     |     |
+-----+-----+-----+-----+
|     |     |     |     |
|     |     |     |     |
+-----+-----+-----+-----+
[0m
PLAYER 1
[033m+-----+-----+-----+-----+
|     |     |     |     |
|     |     |     |     |
+-----+-----+-----+-----+
|     |     |     |     |
|     |     |     |     |
+-----+-----+-----+-----+
|     | 1 1 |     |     |
|     | 1 0 |     |     |
+-----+-----+-----+-----+
| 0 0 |     |     |     |
| 0 0 |     |     |     |
+-----+-----+-----+-----+
[0m
PLAYER 1
I chose the piece n°13 : 1100
[033m+-----+-----+-----+-----+
|     |     |     |     |
|     |     |     |     |
+-----+-----+-----+-----+
|     |     |     |     |
|     |     |     |     |
+-----+-----+-----+-----+
|     | 1 1 |     |     |
|     | 1 0 |     |     |
+-----+-----+-----+-----+
| 0 0 |     |     |     |
| 0 0 |     |     |     |
+-----+-----+-----+-----+
[0m
PLAYER 2
[033m+-----+-----+-----+-----+
|     |     | 1 1 |     |
|     |     | 0 0 |     |
+-----+-----+-----+-----+
|     |     |     |     |
|     |     |     |     |
+-----+-----+-----+-----+
|     | 1 1 |     |     |
|     | 1 0 |     |     |
+-----+-----+-----+-----+
| 0 0 |     |     |     |
| 0 0 |     |     |     |
+-----+-----+-----+-----+
[0m
PLAYER 2
I chose the piece n°4 : 0011
[033m+-----+-----+-----+-----+
|     |     | 1 1 |     |
|     |     | 0 0 |     |
+-----+-----+-----+-----+
|     |     |     |     |
|     |     |     |     |
+-----+-----+-----+-----+
|     | 1 1 |     |     |
|     | 1 0 |     |     |
+-----+-----+-----+-----+
| 0 0 |     |     |     |
| 0 0 |     |     |     |
+-----+-----+-----+-----+
[0m
PLAYER 1
[033m+-----+-----+-----+-----+
|     |     | 1 1 |     |
|     |     | 0 0 |     |
+-----+-----+-----+-----+
|     | 0 0 |     |     |
|     | 1 1 |     |     |
+-----+-----+-----+-----+
|     | 1 1 |     |     |
|     | 1 0 |     |     |
+-----+-----+-----+-----+
| 0 0 |     |     |     |
| 0 0 |     |     |     |
+-----+-----+-----+-----+
[0m
PLAYER 1
I chose the piece n°14 : 1101
[033m+-----+-----+-----+-----+
|     |     | 1 1 |     |
|     |     | 0 0 |     |
+-----+-----+-----+-----+
|     | 0 0 |     |     |
|     | 1 1 |     |     |
+-----+-----+-----+-----+
|     | 1 1 |     |     |
|     | 1 0 |     |     |
+-----+-----+-----+-----+
| 0 0 |     |     |     |
| 0 0 |     |     |     |
+-----+-----+-----+-----+
[0m
PLAYER 2
[033m+-----+-----+-----+-----+
|     |     | 1 1 |     |
|     |     | 0 0 |     |
+-----+-----+-----+-----+
| 1 1 | 0 0 |     |     |
| 0 1 | 1 1 |     |     |
+-----+-----+-----+-----+
|     | 1 1 |     |     |
|     | 1 0 |     |     |
+-----+-----+-----+-----+
| 0 0 |     |     |     |
| 0 0 |     |     |     |
+-----+-----+-----+-----+
[0m
PLAYER 2
I chose the piece n°2 : 0001
[033m+-----+-----+-----+-----+
|     |     | 1 1 |     |
|     |     | 0 0 |     |
+-----+-----+-----+-----+
| 1 1 | 0 0 |     |     |
| 0 1 | 1 1 |     |     |
+-----+-----+-----+-----+
|     | 1 1 |     |     |
|     | 1 0 |     |     |
+-----+-----+-----+-----+
| 0 0 |     |     |     |
| 0 0 |     |     |     |
+-----+-----+-----+-----+
[0m
PLAYER 1
[033m+-----+-----+-----+-----+
|     |     | 1 1 |     |
|     |     | 0 0 |     |
+-----+-----+-----+-----+
| 1 1 | 0 0 |     |     |
| 0 1 | 1 1 |     |     |
+-----+-----+-----+-----+
|     | 1 1 |     | 0 0 |
|     | 1 0 |     | 0 1 |
+-----+-----+-----+-----+
| 0 0 |     |     |     |
| 0 0 |     |     |     |
+-----+-----+-----+-----+
[0m
PLAYER 1
I chose the piece n°3 : 0010
[033m+-----+-----+-----+-----+
|     |     | 1 1 |     |
|     |     | 0 0 |     |
+-----+-----+-----+-----+
| 1 1 | 0 0 |     |     |
| 0 1 | 1 1 |     |     |
+-----+-----+-----+-----+
|     | 1 1 |     | 0 0 |
|     | 1 0 |     | 0 1 |
+-----+-----+-----+-----+
| 0 0 |     |     |     |
| 0 0 |     |     |     |
+-----+-----+-----+-----+
[0m
PLAYER 2
[033m+-----+-----+-----+-----+
|     |     | 1 1 |     |
|     |     | 0 0 |     |
+-----+-----+-----+-----+
| 1 1 | 0 0 |     |     |
| 0 1 | 1 1 |     |     |
+-----+-----+-----+-----+
|     | 1 1 | 0 0 | 0 0 |
|     | 1 0 | 1 0 | 0 1 |
+-----+-----+-----+-----+
| 0 0 |     |     |     |
| 0 0 |     |     |     |
+-----+-----+-----+-----+
[0m
PLAYER 2
I chose the piece n°6 : 0101
[033m+-----+-----+-----+-----+
|     |     | 1 1 |     |
|     |     | 0 0 |     |
+-----+-----+-----+-----+
| 1 1 | 0 0 |     |     |
| 0 1 | 1 1 |     |     |
+-----+-----+-----+-----+
|     | 1 1 | 0 0 | 0 0 |
|     | 1 0 | 1 0 | 0 1 |
+-----+-----+-----+-----+
| 0 0 |     |     |     |
| 0 0 |     |     |     |
+-----+-----+-----+-----+
[0m
PLAYER 1
I chose the piece n°12 : 1011
[033m+-----+-----+-----+-----+
|     |     | 1 1 |     |
|     |     | 0 0 |     |
+-----+-----+-----+-----+
| 1 1 | 0 0 |     |     |
| 0 1 | 1 1 |     |     |
+-----+-----+-----+-----+
|     | 1 1 | 0 0 | 0 0 |
|     | 1 0 | 1 0 | 0 1 |
+-----+-----+-----+-----+
| 0 0 |     |     |     |
| 0 0 |     |     |     |
+-----+-----+-----+-----+
[0m
PLAYER 1
[033m+-----+-----+-----+-----+
| 1 0 |     | 1 1 |     |
| 1 1 |     | 0 0 |     |
+-----+-----+-----+-----+
| 1 1 | 0 0 |     |     |
| 0 1 | 1 1 |     |     |
+-----+-----+-----+-----+
|     | 1 1 | 0 0 | 0 0 |
|     | 1 0 | 1 0 | 0 1 |
+-----+-----+-----+-----+
| 0 0 |     |     |     |
| 0 0 |     |     |     |
+-----+-----+-----+-----+
[0m
PLAYER 1
I chose the piece n°9 : 1000
[033m+-----+-----+-----+-----+
| 1 0 |     | 1 1 |     |
| 1 1 |     | 0 0 |     |
+-----+-----+-----+-----+
| 1 1 | 0 0 |     |     |
| 0 1 | 1 1 |     |     |
+-----+-----+-----+-----+
|     | 1 1 | 0 0 | 0 0 |
|     | 1 0 | 1 0 | 0 1 |
+-----+-----+-----+-----+
| 0 0 |     |     |     |
| 0 0 |     |     |     |
+-----+-----+-----+-----+
[0m
PLAYER 2
[033m+-----+-----+-----+-----+
| 1 0 |     | 1 1 |     |
| 1 1 |     | 0 0 |     |
+-----+-----+-----+-----+
| 1 1 | 0 0 |     | 1 0 |
| 0 1 | 1 1 |     | 0 0 |
+-----+-----+-----+-----+
|     | 1 1 | 0 0 | 0 0 |
|     | 1 0 | 1 0 | 0 1 |
+-----+-----+-----+-----+
| 0 0 |     |     |     |
| 0 0 |     |     |     |
+-----+-----+-----+-----+
[0m
PLAYER 2
I chose the piece n°11 : 1010
[033m+-----+-----+-----+-----+
| 1 0 |     | 1 1 |     |
| 1 1 |     | 0 0 |     |
+-----+-----+-----+-----+
| 1 1 | 0 0 |     | 1 0 |
| 0 1 | 1 1 |     | 0 0 |
+-----+-----+-----+-----+
|     | 1 1 | 0 0 | 0 0 |
|     | 1 0 | 1 0 | 0 1 |
+-----+-----+-----+-----+
| 0 0 |     |     |     |
| 0 0 |     |     |     |
+-----+-----+-----+-----+
[0m
PLAYER 1
I chose the piece n°5 : 0100
[033m+-----+-----+-----+-----+
| 1 0 |     | 1 1 |     |
| 1 1 |     | 0 0 |     |
+-----+-----+-----+-----+
| 1 1 | 0 0 |     | 1 0 |
| 0 1 | 1 1 |     | 0 0 |
+-----+-----+-----+-----+
|     | 1 1 | 0 0 | 0 0 |
|     | 1 0 | 1 0 | 0 1 |
+-----+-----+-----+-----+
| 0 0 |     |     |     |
| 0 0 |     |     |     |
+-----+-----+-----+-----+
[0m
PLAYER 1
I chose the piece n°5 : 0100
[033m+-----+-----+-----+-----+
| 1 0 |     | 1 1 |     |
| 1 1 |     | 0 0 |     |
+-----+-----+-----+-----+
| 1 1 | 0 0 |     | 1 0 |
| 0 1 | 1 1 |     | 0 0 |
+-----+-----+-----+-----+
|     | 1 1 | 0 0 | 0 0 |
|     | 1 0 | 1 0 | 0 1 |
+-----+-----+-----+-----+
| 0 0 |     |     |     |
| 0 0 |     |     |     |
+-----+-----+-----+-----+
[0m
PLAYER 1
I chose the piece n°5 : 0100
[033m+-----+-----+-----+-----+
| 1 0 |     | 1 1 |     |
| 1 1 |     | 0 0 |     |
+-----+-----+-----+-----+
| 1 1 | 0 0 |     | 1 0 |
| 0 1 | 1 1 |     | 0 0 |
+-----+-----+-----+-----+
|     | 1 1 | 0 0 | 0 0 |
|     | 1 0 | 1 0 | 0 1 |
+-----+-----+-----+-----+
| 0 0 |     |     |     |
| 0 0 |     |     |     |
+-----+-----+-----+-----+
[0m
PLAYER 1
[033m+-----+-----+-----+-----+
| 1 0 |     | 1 1 |     |
| 1 1 |     | 0 0 |     |
+-----+-----+-----+-----+
| 1 1 | 0 0 | 0 1 | 1 0 |
| 0 1 | 1 1 | 0 0 | 0 0 |
+-----+-----+-----+-----+
|     | 1 1 | 0 0 | 0 0 |
|     | 1 0 | 1 0 | 0 1 |
+-----+-----+-----+-----+
| 0 0 |     |     |     |
| 0 0 |     |     |     |
+-----+-----+-----+-----+
[0m
PLAYER 1
I chose the piece n°6 : 0101
[033m+-----+-----+-----+-----+
| 1 0 |     | 1 1 |     |
| 1 1 |     | 0 0 |     |
+-----+-----+-----+-----+
| 1 1 | 0 0 | 0 1 | 1 0 |
| 0 1 | 1 1 | 0 0 | 0 0 |
+-----+-----+-----+-----+
|     | 1 1 | 0 0 | 0 0 |
|     | 1 0 | 1 0 | 0 1 |
+-----+-----+-----+-----+
| 0 0 |     |     |     |
| 0 0 |     |     |     |
+-----+-----+-----+-----+
[0m
PLAYER 2
I chose the piece n°7 : 0110
[033m+-----+-----+-----+-----+
| 1 0 |     | 1 1 |     |
| 1 1 |     | 0 0 |     |
+-----+-----+-----+-----+
| 1 1 | 0 0 | 0 1 | 1 0 |
| 0 1 | 1 1 | 0 0 | 0 0 |
+-----+-----+-----+-----+
|     | 1 1 | 0 0 | 0 0 |
|     | 1 0 | 1 0 | 0 1 |
+-----+-----+-----+-----+
| 0 0 |     |     |     |
| 0 0 |     |     |     |
+-----+-----+-----+-----+
[0m
PLAYER 2
I chose the piece n°6 : 0101
[033m+-----+-----+-----+-----+
| 1 0 |     | 1 1 |     |
| 1 1 |     | 0 0 |     |
+-----+-----+-----+-----+
| 1 1 | 0 0 | 0 1 | 1 0 |
| 0 1 | 1 1 | 0 0 | 0 0 |
+-----+-----+-----+-----+
|     | 1 1 | 0 0 | 0 0 |
|     | 1 0 | 1 0 | 0 1 |
+-----+-----+-----+-----+
| 0 0 |     |     |     |
| 0 0 |     |     |     |
+-----+-----+-----+-----+
[0m
PLAYER 2
I chose the piece n°7 : 0110
[033m+-----+-----+-----+-----+
| 1 0 |     | 1 1 |     |
| 1 1 |     | 0 0 |     |
+-----+-----+-----+-----+
| 1 1 | 0 0 | 0 1 | 1 0 |
| 0 1 | 1 1 | 0 0 | 0 0 |
+-----+-----+-----+-----+
|     | 1 1 | 0 0 | 0 0 |
|     | 1 0 | 1 0 | 0 1 |
+-----+-----+-----+-----+
| 0 0 |     |     |     |
| 0 0 |     |     |     |
+-----+-----+-----+-----+
[0m
PLAYER 2
[033m+-----+-----+-----+-----+
| 1 0 | 0 1 | 1 1 |     |
| 1 1 | 1 0 | 0 0 |     |
+-----+-----+-----+-----+
| 1 1 | 0 0 | 0 1 | 1 0 |
| 0 1 | 1 1 | 0 0 | 0 0 |
+-----+-----+-----+-----+
|     | 1 1 | 0 0 | 0 0 |
|     | 1 0 | 1 0 | 0 1 |
+-----+-----+-----+-----+
| 0 0 |     |     |     |
| 0 0 |     |     |     |
+-----+-----+-----+-----+
[0m
PLAYER 2
I chose the piece n°16 : 1111
[033m+-----+-----+-----+-----+
| 1 0 | 0 1 | 1 1 |     |
| 1 1 | 1 0 | 0 0 |     |
+-----+-----+-----+-----+
| 1 1 | 0 0 | 0 1 | 1 0 |
| 0 1 | 1 1 | 0 0 | 0 0 |
+-----+-----+-----+-----+
|     | 1 1 | 0 0 | 0 0 |
|     | 1 0 | 1 0 | 0 1 |
+-----+-----+-----+-----+
| 0 0 |     |     |     |
| 0 0 |     |     |     |
+-----+-----+-----+-----+
[0m
PLAYER 1
I chose the piece n°10 : 1001
[033m+-----+-----+-----+-----+
| 1 0 | 0 1 | 1 1 |     |
| 1 1 | 1 0 | 0 0 |     |
+-----+-----+-----+-----+
| 1 1 | 0 0 | 0 1 | 1 0 |
| 0 1 | 1 1 | 0 0 | 0 0 |
+-----+-----+-----+-----+
|     | 1 1 | 0 0 | 0 0 |
|     | 1 0 | 1 0 | 0 1 |
+-----+-----+-----+-----+
| 0 0 |     |     |     |
| 0 0 |     |     |     |
+-----+-----+-----+-----+
[0m
PLAYER 1
[033m+-----+-----+-----+-----+
| 1 0 | 0 1 | 1 1 |     |
| 1 1 | 1 0 | 0 0 |     |
+-----+-----+-----+-----+
| 1 1 | 0 0 | 0 1 | 1 0 |
| 0 1 | 1 1 | 0 0 | 0 0 |
+-----+-----+-----+-----+
|     | 1 1 | 0 0 | 0 0 |
|     | 1 0 | 1 0 | 0 1 |
+-----+-----+-----+-----+
| 0 0 | 1 0 |     |     |
| 0 0 | 0 1 |     |     |
+-----+-----+-----+-----+
[0m
PLAYER 1
I chose the piece n°8 : 0111
[033m+-----+-----+-----+-----+
| 1 0 | 0 1 | 1 1 |     |
| 1 1 | 1 0 | 0 0 |     |
+-----+-----+-----+-----+
| 1 1 | 0 0 | 0 1 | 1 0 |
| 0 1 | 1 1 | 0 0 | 0 0 |
+-----+-----+-----+-----+
|     | 1 1 | 0 0 | 0 0 |
|     | 1 0 | 1 0 | 0 1 |
+-----+-----+-----+-----+
| 0 0 | 1 0 |     |     |
| 0 0 | 0 1 |     |     |
+-----+-----+-----+-----+
[0m
PLAYER 2
[033m+-----+-----+-----+-----+
| 1 0 | 0 1 | 1 1 |     |
| 1 1 | 1 0 | 0 0 |     |
+-----+-----+-----+-----+
| 1 1 | 0 0 | 0 1 | 1 0 |
| 0 1 | 1 1 | 0 0 | 0 0 |
+-----+-----+-----+-----+
|     | 1 1 | 0 0 | 0 0 |
|     | 1 0 | 1 0 | 0 1 |
+-----+-----+-----+-----+
| 0 0 | 1 0 | 0 1 |     |
| 0 0 | 0 1 | 1 1 |     |
+-----+-----+-----+-----+
[0m
PLAYER 2
I chose the piece n°11 : 1010
[033m+-----+-----+-----+-----+
| 1 0 | 0 1 | 1 1 |     |
| 1 1 | 1 0 | 0 0 |     |
+-----+-----+-----+-----+
| 1 1 | 0 0 | 0 1 | 1 0 |
| 0 1 | 1 1 | 0 0 | 0 0 |
+-----+-----+-----+-----+
|     | 1 1 | 0 0 | 0 0 |
|     | 1 0 | 1 0 | 0 1 |
+-----+-----+-----+-----+
| 0 0 | 1 0 | 0 1 |     |
| 0 0 | 0 1 | 1 1 |     |
+-----+-----+-----+-----+
[0m
PLAYER 1
[033m+-----+-----+-----+-----+
| 1 0 | 0 1 | 1 1 |     |
| 1 1 | 1 0 | 0 0 |     |
+-----+-----+-----+-----+
| 1 1 | 0 0 | 0 1 | 1 0 |
| 0 1 | 1 1 | 0 0 | 0 0 |
+-----+-----+-----+-----+
|     | 1 1 | 0 0 | 0 0 |
|     | 1 0 | 1 0 | 0 1 |
+-----+-----+-----+-----+
| 0 0 | 1 0 | 0 1 | 1 0 |
| 0 0 | 0 1 | 1 1 | 1 0 |
+-----+-----+-----+-----+
[0m[031m*************************************
* GAME OVER * GAME OVER * GAME OVER *
*************************************
Player 2 aligned short pieces on the 1st diagonal[0m

PLAYER 1
I chose the piece n°10 : 1001
[033m+-----+-----+-----+-----+
|     |     |     |     |
|     |     |     |     |
+-----+-----+-----+-----+
|     |     |     |     |
|     |     |     |     |
+-----+-----+-----+-----+
|     |     |     |     |
|     |     |     |     |
+-----+-----+-----+-----+
|     |     |     |     |
|     |     |     |     |
+-----+-----+-----+-----+
[0m
PLAYER 2
[033m+-----+-----+-----+-----+
|     |     |     |     |
|     |     |     |     |
+-----+-----+-----+-----+
|     |     |     |     |
|     |     |     |     |
+-----+-----+-----+-----+
|     |     |     |     |
|     |     |     |     |
+-----+-----+-----+-----+
|     |     | 1 0 |     |
|     |     | 0 1 |     |
+-----+-----+-----+-----+
[0m
PLAYER 2
I chose the piece n°11 : 1010
[033m+-----+-----+-----+-----+
|     |     |     |     |
|     |     |     |     |
+-----+-----+-----+-----+
|     |     |     |     |
|     |     |     |     |
+-----+-----+-----+-----+
|     |     |     |     |
|     |     |     |     |
+-----+-----+-----+-----+
|     |     | 1 0 |     |
|     |     | 0 1 |     |
+-----+-----+-----+-----+
[0m
PLAYER 1
[033m+-----+-----+-----+-----+
| 1 0 |     |     |     |
| 1 0 |     |     |     |
+-----+-----+-----+-----+
|     |     |     |     |
|     |     |     |     |
+-----+-----+-----+-----+
|     |     |     |     |
|     |     |     |     |
+-----+-----+-----+-----+
|     |     | 1 0 |     |
|     |     | 0 1 |     |
+-----+-----+-----+-----+
[0m
PLAYER 1
I chose the piece n°7 : 0110
[033m+-----+-----+-----+-----+
| 1 0 |     |     |     |
| 1 0 |     |     |     |
+-----+-----+-----+-----+
|     |     |     |     |
|     |     |     |     |
+-----+-----+-----+-----+
|     |     |     |     |
|     |     |     |     |
+-----+-----+-----+-----+
|     |     | 1 0 |     |
|     |     | 0 1 |     |
+-----+-----+-----+-----+
[0m
PLAYER 2
[033m+-----+-----+-----+-----+
| 1 0 |     |     | 0 1 |
| 1 0 |     |     | 1 0 |
+-----+-----+-----+-----+
|     |     |     |     |
|     |     |     |     |
+-----+-----+-----+-----+
|     |     |     |     |
|     |     |     |     |
+-----+-----+-----+-----+
|     |     | 1 0 |     |
|     |     | 0 1 |     |
+-----+-----+-----+-----+
[0m
PLAYER 2
I chose the piece n°16 : 1111
[033m+-----+-----+-----+-----+
| 1 0 |     |     | 0 1 |
| 1 0 |     |     | 1 0 |
+-----+-----+-----+-----+
|     |     |     |     |
|     |     |     |     |
+-----+-----+-----+-----+
|     |     |     |     |
|     |     |     |     |
+-----+-----+-----+-----+
|     |     | 1 0 |     |
|     |     | 0 1 |     |
+-----+-----+-----+-----+
[0m
PLAYER 1
I chose the piece n°5 : 0100
[033m+-----+-----+-----+-----+
| 1 0 |     |     | 0 1 |
| 1 0 |     |     | 1 0 |
+-----+-----+-----+-----+
|     |     |     |     |
|     |     |     |     |
+-----+-----+-----+-----+
|     |     |     |     |
|     |     |     |     |
+-----+-----+-----+-----+
|     |     | 1 0 |     |
|     |     | 0 1 |     |
+-----+-----+-----+-----+
[0m
PLAYER 1
[033m+-----+-----+-----+-----+
| 1 0 |     |     | 0 1 |
| 1 0 |     |     | 1 0 |
+-----+-----+-----+-----+
|     |     |     |     |
|     |     |     |     |
+-----+-----+-----+-----+
|     | 0 1 |     |     |
|     | 0 0 |     |     |
+-----+-----+-----+-----+
|     |     | 1 0 |     |
|     |     | 0 1 |     |
+-----+-----+-----+-----+
[0m
PLAYER 1
I chose the piece n°12 : 1011
[033m+-----+-----+-----+-----+
| 1 0 |     |     | 0 1 |
| 1 0 |     |     | 1 0 |
+-----+-----+-----+-----+
|     |     |     |     |
|     |     |     |     |
+-----+-----+-----+-----+
|     | 0 1 |     |     |
|     | 0 0 |     |     |
+-----+-----+-----+-----+
|     |     | 1 0 |     |
|     |     | 0 1 |     |
+-----+-----+-----+-----+
[0m
PLAYER 2
[033m+-----+-----+-----+-----+
| 1 0 |     |     | 0 1 |
| 1 0 |     |     | 1 0 |
+-----+-----+-----+-----+
|     |     |     |     |
|     |     |     |     |
+-----+-----+-----+-----+
|     | 0 1 |     | 1 0 |
|     | 0 0 |     | 1 1 |
+-----+-----+-----+-----+
|     |     | 1 0 |     |
|     |     | 0 1 |     |
+-----+-----+-----+-----+
[0m
PLAYER 2
I chose the piece n°9 : 1000
[033m+-----+-----+-----+-----+
| 1 0 |     |     | 0 1 |
| 1 0 |     |     | 1 0 |
+-----+-----+-----+-----+
|     |     |     |     |
|     |     |     |     |
+-----+-----+-----+-----+
|     | 0 1 |     | 1 0 |
|     | 0 0 |     | 1 1 |
+-----+-----+-----+-----+
|     |     | 1 0 |     |
|     |     | 0 1 |     |
+-----+-----+-----+-----+
[0m
PLAYER 1
[033m+-----+-----+-----+-----+
| 1 0 |     | 1 0 | 0 1 |
| 1 0 |     | 0 0 | 1 0 |
+-----+-----+-----+-----+
|     |     |     |     |
|     |     |     |     |
+-----+-----+-----+-----+
|     | 0 1 |     | 1 0 |
|     | 0 0 |     | 1 1 |
+-----+-----+-----+-----+
|     |     | 1 0 |     |
|     |     | 0 1 |     |
+-----+-----+-----+-----+
[0m
PLAYER 1
I chose the piece n°3 : 0010
[033m+-----+-----+-----+-----+
| 1 0 |     | 1 0 | 0 1 |
| 1 0 |     | 0 0 | 1 0 |
+-----+-----+-----+-----+
|     |     |     |     |
|     |     |     |     |
+-----+-----+-----+-----+
|     | 0 1 |     | 1 0 |
|     | 0 0 |     | 1 1 |
+-----+-----+-----+-----+
|     |     | 1 0 |     |
|     |     | 0 1 |     |
+-----+-----+-----+-----+
[0m
PLAYER 2
[033m+-----+-----+-----+-----+
| 1 0 |     | 1 0 | 0 1 |
| 1 0 |     | 0 0 | 1 0 |
+-----+-----+-----+-----+
|     |     | 0 0 |     |
|     |     | 1 0 |     |
+-----+-----+-----+-----+
|     | 0 1 |     | 1 0 |
|     | 0 0 |     | 1 1 |
+-----+-----+-----+-----+
|     |     | 1 0 |     |
|     |     | 0 1 |     |
+-----+-----+-----+-----+
[0m
PLAYER 2
I chose the piece n°15 : 1110
[033m+-----+-----+-----+-----+
| 1 0 |     | 1 0 | 0 1 |
| 1 0 |     | 0 0 | 1 0 |
+-----+-----+-----+-----+
|     |     | 0 0 |     |
|     |     | 1 0 |     |
+-----+-----+-----+-----+
|     | 0 1 |     | 1 0 |
|     | 0 0 |     | 1 1 |
+-----+-----+-----+-----+
|     |     | 1 0 |     |
|     |     | 0 1 |     |
+-----+-----+-----+-----+
[0m
PLAYER 1
[033m+-----+-----+-----+-----+
| 1 0 |     | 1 0 | 0 1 |
| 1 0 |     | 0 0 | 1 0 |
+-----+-----+-----+-----+
|     |     | 0 0 |     |
|     |     | 1 0 |     |
+-----+-----+-----+-----+
|     | 0 1 | 1 1 | 1 0 |
|     | 0 0 | 1 0 | 1 1 |
+-----+-----+-----+-----+
|     |     | 1 0 |     |
|     |     | 0 1 |     |
+-----+-----+-----+-----+
[0m
PLAYER 1
I chose the piece n°1 : 0000
[033m+-----+-----+-----+-----+
| 1 0 |     | 1 0 | 0 1 |
| 1 0 |     | 0 0 | 1 0 |
+-----+-----+-----+-----+
|     |     | 0 0 |     |
|     |     | 1 0 |     |
+-----+-----+-----+-----+
|     | 0 1 | 1 1 | 1 0 |
|     | 0 0 | 1 0 | 1 1 |
+-----+-----+-----+-----+
|     |     | 1 0 |     |
|     |     | 0 1 |     |
+-----+-----+-----+-----+
[0m
PLAYER 2
[033m+-----+-----+-----+-----+
| 1 0 |     | 1 0 | 0 1 |
| 1 0 |     | 0 0 | 1 0 |
+-----+-----+-----+-----+
|     | 0 0 | 0 0 |     |
|     | 0 0 | 1 0 |     |
+-----+-----+-----+-----+
|     | 0 1 | 1 1 | 1 0 |
|     | 0 0 | 1 0 | 1 1 |
+-----+-----+-----+-----+
|     |     | 1 0 |     |
|     |     | 0 1 |     |
+-----+-----+-----+-----+
[0m
PLAYER 2
I chose the piece n°8 : 0111
[033m+-----+-----+-----+-----+
| 1 0 |     | 1 0 | 0 1 |
| 1 0 |     | 0 0 | 1 0 |
+-----+-----+-----+-----+
|     | 0 0 | 0 0 |     |
|     | 0 0 | 1 0 |     |
+-----+-----+-----+-----+
|     | 0 1 | 1 1 | 1 0 |
|     | 0 0 | 1 0 | 1 1 |
+-----+-----+-----+-----+
|     |     | 1 0 |     |
|     |     | 0 1 |     |
+-----+-----+-----+-----+
[0m
PLAYER 1
I chose the piece n°13 : 1100
[033m+-----+-----+-----+-----+
| 1 0 |     | 1 0 | 0 1 |
| 1 0 |     | 0 0 | 1 0 |
+-----+-----+-----+-----+
|     | 0 0 | 0 0 |     |
|     | 0 0 | 1 0 |     |
+-----+-----+-----+-----+
|     | 0 1 | 1 1 | 1 0 |
|     | 0 0 | 1 0 | 1 1 |
+-----+-----+-----+-----+
|     |     | 1 0 |     |
|     |     | 0 1 |     |
+-----+-----+-----+-----+
[0m
PLAYER 1
[033m+-----+-----+-----+-----+
| 1 0 |     | 1 0 | 0 1 |
| 1 0 |     | 0 0 | 1 0 |
+-----+-----+-----+-----+
|     | 0 0 | 0 0 |     |
|     | 0 0 | 1 0 |     |
+-----+-----+-----+-----+
|     | 0 1 | 1 1 | 1 0 |
|     | 0 0 | 1 0 | 1 1 |
+-----+-----+-----+-----+
|     | 1 1 | 1 0 |     |
|     | 0 0 | 0 1 |     |
+-----+-----+-----+-----+
[0m
PLAYER 1
I chose the piece n°8 : 0111
[033m+-----+-----+-----+-----+
| 1 0 |     | 1 0 | 0 1 |
| 1 0 |     | 0 0 | 1 0 |
+-----+-----+-----+-----+
|     | 0 0 | 0 0 |     |
|     | 0 0 | 1 0 |     |
+-----+-----+-----+-----+
|     | 0 1 | 1 1 | 1 0 |
|     | 0 0 | 1 0 | 1 1 |
+-----+-----+-----+-----+
|     | 1 1 | 1 0 |     |
|     | 0 0 | 0 1 |     |
+-----+-----+-----+-----+
[0m
PLAYER 2
[033m+-----+-----+-----+-----+
| 1 0 |     | 1 0 | 0 1 |
| 1 0 |     | 0 0 | 1 0 |
+-----+-----+-----+-----+
|     | 0 0 | 0 0 |     |
|     | 0 0 | 1 0 |     |
+-----+-----+-----+-----+
|     | 0 1 | 1 1 | 1 0 |
|     | 0 0 | 1 0 | 1 1 |
+-----+-----+-----+-----+
| 0 1 | 1 1 | 1 0 |     |
| 1 1 | 0 0 | 0 1 |     |
+-----+-----+-----+-----+
[0m[031m*************************************
* GAME OVER * GAME OVER * GAME OVER *
*************************************
Player 1 aligned white pieces on the 2nd diagonal[0m

PLAYER 1
I chose the piece n°16 : 1111
[033m+-----+-----+-----+-----+
|     |     |     |     |
|     |     |     |     |
+-----+-----+-----+-----+
|     |     |     |     |
|     |     |     |     |
+-----+-----+-----+-----+
|     |     |     |     |
|     |     |     |     |
+-----+-----+-----+-----+
|     |     |     |     |
|     |     |     |     |
+-----+-----+-----+-----+
[0m
PLAYER 2
[033m+-----+-----+-----+-----+
|     |     |     |     |
|     |     |     |     |
+-----+-----+-----+-----+
|     |     |     | 1 1 |
|     |     |     | 1 1 |
+-----+-----+-----+-----+
|     |     |     |     |
|     |     |     |     |
+-----+-----+-----+-----+
|     |     |     |     |
|     |     |     |     |
+-----+-----+-----+-----+
[0m
PLAYER 2
I chose the piece n°7 : 0110
[033m+-----+-----+-----+-----+
|     |     |     |     |
|     |     |     |     |
+-----+-----+-----+-----+
|     |     |     | 1 1 |
|     |     |     | 1 1 |
+-----+-----+-----+-----+
|     |     |     |     |
|     |     |     |     |
+-----+-----+-----+-----+
|     |     |     |     |
|     |     |     |     |
+-----+-----+-----+-----+
[0m
PLAYER 1
[033m+-----+-----+-----+-----+
|     |     |     |     |
|     |     |     |     |
+-----+-----+-----+-----+
|     |     |     | 1 1 |
|     |     |     | 1 1 |
+-----+-----+-----+-----+
|     | 0 1 |     |     |
|     | 1 0 |     |     |
+-----+-----+-----+-----+
|     |     |     |     |
|     |     |     |     |
+-----+-----+-----+-----+
[0m
PLAYER 1
I chose the piece n°10 : 1001
[033m+-----+-----+-----+-----+
|     |     |     |     |
|     |     |     |     |
+-----+-----+-----+-----+
|     |     |     | 1 1 |
|     |     |     | 1 1 |
+-----+-----+-----+-----+
|     | 0 1 |     |     |
|     | 1 0 |     |     |
+-----+-----+-----+-----+
|     |     |     |     |
|     |     |     |     |
+-----+-----+-----+-----+
[0m
PLAYER 2
[033m+-----+-----+-----+-----+
|     |     | 1 0 |     |
|     |     | 0 1 |     |
+-----+-----+-----+-----+
|     |     |     | 1 1 |
|     |     |     | 1 1 |
+-----+-----+-----+-----+
|     | 0 1 |     |     |
|     | 1 0 |     |     |
+-----+-----+-----+-----+
|     |     |     |     |
|     |     |     |     |
+-----+-----+-----+-----+
[0m
PLAYER 2
I chose the piece n°11 : 1010
[033m+-----+-----+-----+-----+
|     |     | 1 0 |     |
|     |     | 0 1 |     |
+-----+-----+-----+-----+
|     |     |     | 1 1 |
|     |     |     | 1 1 |
+-----+-----+-----+-----+
|     | 0 1 |     |     |
|     | 1 0 |     |     |
+-----+-----+-----+-----+
|     |     |     |     |
|     |     |     |     |
+-----+-----+-----+-----+
[0m
PLAYER 1
[033m+-----+-----+-----+-----+
|     |     | 1 0 |     |
|     |     | 0 1 |     |
+-----+-----+-----+-----+
|     | 1 0 |     | 1 1 |
|     | 1 0 |     | 1 1 |
+-----+-----+-----+-----+
|     | 0 1 |     |     |
|     | 1 0 |     |     |
+-----+-----+-----+-----+
|     |     |     |     |
|     |     |     |     |
+-----+-----+-----+-----+
[0m
PLAYER 1
I chose the piece n°13 : 1100
[033m+-----+-----+-----+-----+
|     |     | 1 0 |     |
|     |     | 0 1 |     |
+-----+-----+-----+-----+
|     | 1 0 |     | 1 1 |
|     | 1 0 |     | 1 1 |
+-----+-----+-----+-----+
|     | 0 1 |     |     |
|     | 1 0 |     |     |
+-----+-----+-----+-----+
|     |     |     |     |
|     |     |     |     |
+-----+-----+-----+-----+
[0m
PLAYER 2
[033m+-----+-----+-----+-----+
|     |     | 1 0 |     |
|     |     | 0 1 |     |
+-----+-----+-----+-----+
|     | 1 0 |     | 1 1 |
|     | 1 0 |     | 1 1 |
+-----+-----+-----+-----+
|     | 0 1 | 1 1 |     |
|     | 1 0 | 0 0 |     |
+-----+-----+-----+-----+
|     |     |     |     |
|     |     |     |     |
+-----+-----+-----+-----+
[0m
PLAYER 2
I chose the piece n°3 : 0010
[033m+-----+-----+-----+-----+
|     |     | 1 0 |     |
|     |     | 0 1 |     |
+-----+-----+-----+-----+
|     | 1 0 |     | 1 1 |
|     | 1 0 |     | 1 1 |
+-----+-----+-----+-----+
|     | 0 1 | 1 1 |     |
|     | 1 0 | 0 0 |     |
+-----+-----+-----+-----+
|     |     |     |     |
|     |     |     |     |
+-----+-----+-----+-----+
[0m
PLAYER 1
I chose the piece n°9 : 1000
[033m+-----+-----+-----+-----+
|     |     | 1 0 |     |
|     |     | 0 1 |     |
+-----+-----+-----+-----+
|     | 1 0 |     | 1 1 |
|     | 1 0 |     | 1 1 |
+-----+-----+-----+-----+
|     | 0 1 | 1 1 |     |
|     | 1 0 | 0 0 |     |
+-----+-----+-----+-----+
|     |     |     |     |
|     |     |     |     |
+-----+-----+-----+-----+
[0m
PLAYER 1
[033m+-----+-----+-----+-----+
|     |     | 1 0 |     |
|     |     | 0 1 |     |
+-----+-----+-----+-----+
|     | 1 0 |     | 1 1 |
|     | 1 0 |     | 1 1 |
+-----+-----+-----+-----+
|     | 0 1 | 1 1 |     |
|     | 1 0 | 0 0 |     |
+-----+-----+-----+-----+
| 1 0 |     |     |     |
| 0 0 |     |     |     |
+-----+-----+-----+-----+
[0m
PLAYER 1
I chose the piece n°14 : 1101
[033m+-----+-----+-----+-----+
|     |     | 1 0 |     |
|     |     | 0 1 |     |
+-----+-----+-----+-----+
|     | 1 0 |     | 1 1 |
|     | 1 0 |     | 1 1 |
+-----+-----+-----+-----+
|     | 0 1 | 1 1 |     |
|     | 1 0 | 0 0 |     |
+-----+-----+-----+-----+
| 1 0 |     |     |     |
| 0 0 |     |     |     |
+-----+-----+-----+-----+
[0m
PLAYER 2
[033m+-----+-----+-----+-----+
|     |     | 1 0 |     |
|     |     | 0 1 |     |
+-----+-----+-----+-----+
|     | 1 0 |     | 1 1 |
|     | 1 0 |     | 1 1 |
+-----+-----+-----+-----+
|     | 0 1 | 1 1 |     |
|     | 1 0 | 0 0 |     |
+-----+-----+-----+-----+
| 1 0 |     |     | 1 1 |
| 0 0 |     |     | 0 1 |
+-----+-----+-----+-----+
[0m
PLAYER 2
I chose the piece n°15 : 1110
[033m+-----+-----+-----+-----+
|     |     | 1 0 |     |
|     |     | 0 1 |     |
+-----+-----+-----+-----+
|     | 1 0 |     | 1 1 |
|     | 1 0 |     | 1 1 |
+-----+-----+-----+-----+
|     | 0 1 | 1 1 |     |
|     | 1 0 | 0 0 |     |
+-----+-----+-----+-----+
| 1 0 |     |     | 1 1 |
| 0 0 |     |     | 0 1 |
+-----+-----+-----+-----+
[0m
PLAYER 1
I chose the piece n°4 : 0011
[033m+-----+-----+-----+-----+
|     |     | 1 0 |     |
|     |     | 0 1 |     |
+-----+-----+-----+-----+
|     | 1 0 |     | 1 1 |
|     | 1 0 |     | 1 1 |
+-----+-----+-----+-----+
|     | 0 1 | 1 1 |     |
|     | 1 0 | 0 0 |     |
+-----+-----+-----+-----+
| 1 0 |     |     | 1 1 |
| 0 0 |     |     | 0 1 |
+-----+-----+-----+-----+
[0m
PLAYER 1
I chose the piece n°3 : 0010
[033m+-----+-----+-----+-----+
|     |     | 1 0 |     |
|     |     | 0 1 |     |
+-----+-----+-----+-----+
|     | 1 0 |     | 1 1 |
|     | 1 0 |     | 1 1 |
+-----+-----+-----+-----+
|     | 0 1 | 1 1 |     |
|     | 1 0 | 0 0 |     |
+-----+-----+-----+-----+
| 1 0 |     |     | 1 1 |
| 0 0 |     |     | 0 1 |
+-----+-----+-----+-----+
[0m
PLAYER 1
I chose the piece n°8 : 0111
[033m+-----+-----+-----+-----+
|     |     | 1 0 |     |
|     |     | 0 1 |     |
+-----+-----+-----+-----+
|     | 1 0 |     | 1 1 |
|     | 1 0 |     | 1 1 |
+-----+-----+-----+-----+
|     | 0 1 | 1 1 |     |
|     | 1 0 | 0 0 |     |
+-----+-----+-----+-----+
| 1 0 |     |     | 1 1 |
| 0 0 |     |     | 0 1 |
+-----+-----+-----+-----+
[0m
PLAYER 1
I chose the piece n°15 : 1110
[033m+-----+-----+-----+-----+
|     |     | 1 0 |     |
|     |     | 0 1 |     |
+-----+-----+-----+-----+
|     | 1 0 |     | 1 1 |
|     | 1 0 |     | 1 1 |
+-----+-----+-----+-----+
|     | 0 1 | 1 1 |     |
|     | 1 0 | 0 0 |     |
+-----+-----+-----+-----+
| 1 0 |     |     | 1 1 |
| 0 0 |     |     | 0 1 |
+-----+-----+-----+-----+
[0m
PLAYER 1
[033m+-----+-----+-----+-----+
|     |     | 1 0 | 1 1 |
|     |     | 0 1 | 1 0 |
+-----+-----+-----+-----+
|     | 1 0 |     | 1 1 |
|     | 1 0 |     | 1 1 |
+-----+-----+-----+-----+
|     | 0 1 | 1 1 |     |
|     | 1 0 | 0 0 |     |
+-----+-----+-----+-----+
| 1 0 |     |     | 1 1 |
| 0 0 |     |     | 0 1 |
+-----+-----+-----+-----+
[0m
PLAYER 1
I chose the piece n°8 : 0111
[033m+-----+-----+-----+-----+
|     |     | 1 0 | 1 1 |
|     |     | 0 1 | 1 0 |
+-----+-----+-----+-----+
|     | 1 0 |     | 1 1 |
|     | 1 0 |     | 1 1 |
+-----+-----+-----+-----+
|     | 0 1 | 1 1 |     |
|     | 1 0 | 0 0 |     |
+-----+-----+-----+-----+
| 1 0 |     |     | 1 1 |
| 0 0 |     |     | 0 1 |
+-----+-----+-----+-----+
[0m
PLAYER 2
[033m+-----+-----+-----+-----+
|     | 0 1 | 1 0 | 1 1 |
|     | 1 1 | 0 1 | 1 0 |
+-----+-----+-----+-----+
|     | 1 0 |     | 1 1 |
|     | 1 0 |     | 1 1 |
+-----+-----+-----+-----+
|     | 0 1 | 1 1 |     |
|     | 1 0 | 0 0 |     |
+-----+-----+-----+-----+
| 1 0 |     |     | 1 1 |
| 0 0 |     |     | 0 1 |
+-----+-----+-----+-----+
[0m
PLAYER 2
I chose the piece n°1 : 0000
[033m+-----+-----+-----+-----+
|     | 0 1 | 1 0 | 1 1 |
|     | 1 1 | 0 1 | 1 0 |
+-----+-----+-----+-----+
|     | 1 0 |     | 1 1 |
|     | 1 0 |     | 1 1 |
+-----+-----+-----+-----+
|     | 0 1 | 1 1 |     |
|     | 1 0 | 0 0 |     |
+-----+-----+-----+-----+
| 1 0 |     |     | 1 1 |
| 0 0 |     |     | 0 1 |
+-----+-----+-----+-----+
[0m
PLAYER 1
I chose the piece n°2 : 0001
[033m+-----+-----+-----+-----+
|     | 0 1 | 1 0 | 1 1 |
|     | 1 1 | 0 1 | 1 0 |
+-----+-----+-----+-----+
|     | 1 0 |     | 1 1 |
|     | 1 0 |     | 1 1 |
+-----+-----+-----+-----+
|     | 0 1 | 1 1 |     |
|     | 1 0 | 0 0 |     |
+-----+-----+-----+-----+
| 1 0 |     |     | 1 1 |
| 0 0 |     |     | 0 1 |
+-----+-----+-----+-----+
[0m
PLAYER 1
[033m+-----+-----+-----+-----+
|     | 0 1 | 1 0 | 1 1 |
|     | 1 1 | 0 1 | 1 0 |
+-----+-----+-----+-----+
|     | 1 0 |     | 1 1 |
|     | 1 0 |     | 1 1 |
+-----+-----+-----+-----+
|     | 0 1 | 1 1 | 0 0 |
|     | 1 0 | 0 0 | 0 1 |
+-----+-----+-----+-----+
| 1 0 |     |     | 1 1 |
| 0 0 |     |     | 0 1 |
+-----+-----+-----+-----+
[0m
PLAYER 1
I chose the piece n°5 : 0100
[033m+-----+-----+-----+-----+
|     | 0 1 | 1 0 | 1 1 |
|     | 1 1 | 0 1 | 1 0 |
+-----+-----+-----+-----+
|     | 1 0 |     | 1 1 |
|     | 1 0 |     | 1 1 |
+-----+-----+-----+-----+
|     | 0 1 | 1 1 | 0 0 |
|     | 1 0 | 0 0 | 0 1 |
+-----+-----+-----+-----+
| 1 0 |     |     | 1 1 |
| 0 0 |     |     | 0 1 |
+-----+-----+-----+-----+
[0m
PLAYER 2
[033m+-----+-----+-----+-----+
|     | 0 1 | 1 0 | 1 1 |
|     | 1 1 | 0 1 | 1 0 |
+-----+-----+-----+-----+
|     | 1 0 | 0 1 | 1 1 |
|     | 1 0 | 0 0 | 1 1 |
+-----+-----+-----+-----+
|     | 0 1 | 1 1 | 0 0 |
|     | 1 0 | 0 0 | 0 1 |
+-----+-----+-----+-----+
| 1 0 |     |     | 1 1 |
| 0 0 |     |     | 0 1 |
+-----+-----+-----+-----+
[0m[031m*************************************
* GAME OVER * GAME OVER * GAME OVER *
*************************************
Player 1 aligned hole pieces on the 2nd diagonal[0m

PLAYER 1
I chose the piece n°12 : 1011
[033m+-----+-----+-----+-----+
|     |     |     |     |
|     |     |     |     |
+-----+-----+-----+-----+
|     |     |     |     |
|     |     |     |     |
+-----+-----+-----+-----+
|     |     |     |     |
|     |     |     |     |
+-----+-----+-----+-----+
|     |     |     |     |
|     |     |     |     |
+-----+-----+-----+-----+
[0m
PLAYER 2
[033m+-----+-----+-----+-----+
|     |     |     |     |
|     |     |     |     |
+-----+-----+-----+-----+
|     |     |     |     |
|     |     |     |     |
+-----+-----+-----+-----+
|     |     |     | 1 0 |
|     |     |     | 1 1 |
+-----+-----+-----+-----+
|     |     |     |     |
|     |     |     |     |
+-----+-----+-----+-----+
[0m
PLAYER 2
I chose the piece n°3 : 0010
[033m+-----+-----+-----+-----+
|     |     |     |     |
|     |     |     |     |
+-----+-----+-----+-----+
|     |     |     |     |
|     |     |     |     |
+-----+-----+-----+-----+
|     |     |     | 1 0 |
|     |     |     | 1 1 |
+-----+-----+-----+-----+
|     |     |     |     |
|     |     |     |     |
+-----+-----+-----+-----+
[0m
PLAYER 1
[033m+-----+-----+-----+-----+
|     |     |     |     |
|     |     |     |     |
+-----+-----+-----+-----+
| 0 0 |     |     |     |
| 1 0 |     |     |     |
+-----+-----+-----+-----+
|     |     |     | 1 0 |
|     |     |     | 1 1 |
+-----+-----+-----+-----+
|     |     |     |     |
|     |     |     |     |
+-----+-----+-----+-----+
[0m
PLAYER 1
I chose the piece n°15 : 1110
[033m+-----+-----+-----+-----+
|     |     |     |     |
|     |     |     |     |
+-----+-----+-----+-----+
| 0 0 |     |     |     |
| 1 0 |     |     |     |
+-----+-----+-----+-----+
|     |     |     | 1 0 |
|     |     |     | 1 1 |
+-----+-----+-----+-----+
|     |     |     |     |
|     |     |     |     |
+-----+-----+-----+-----+
[0m
PLAYER 2
[033m+-----+-----+-----+-----+
|     |     |     |     |
|     |     |     |     |
+-----+-----+-----+-----+
| 0 0 |     |     |     |
| 1 0 |     |     |     |
+-----+-----+-----+-----+
|     |     | 1 1 | 1 0 |
|     |     | 1 0 | 1 1 |
+-----+-----+-----+-----+
|     |     |     |     |
|     |     |     |     |
+-----+-----+-----+-----+
[0m
PLAYER 2
I chose the piece n°9 : 1000
[033m+-----+-----+-----+-----+
|     |     |     |     |
|     |     |     |     |
+-----+-----+-----+-----+
| 0 0 |     |     |     |
| 1 0 |     |     |     |
+-----+-----+-----+-----+
|     |     | 1 1 | 1 0 |
|     |     | 1 0 | 1 1 |
+-----+-----+-----+-----+
|     |     |     |     |
|     |     |     |     |
+-----+-----+-----+-----+
[0m
PLAYER 1
[033m+-----+-----+-----+-----+
|     |     |     |     |
|     |     |     |     |
+-----+-----+-----+-----+
| 0 0 |     |     |     |
| 1 0 |     |     |     |
+-----+-----+-----+-----+
|     |     | 1 1 | 1 0 |
|     |     | 1 0 | 1 1 |
+-----+-----+-----+-----+
|     | 1 0 |     |     |
|     | 0 0 |     |     |
+-----+-----+-----+-----+
[0m
PLAYER 1
I chose the piece n°2 : 0001
[033m+-----+-----+-----+-----+
|     |     |     |     |
|     |     |     |     |
+-----+-----+-----+-----+
| 0 0 |     |     |     |
| 1 0 |     |     |     |
+-----+-----+-----+-----+
|     |     | 1 1 | 1 0 |
|     |     | 1 0 | 1 1 |
+-----+-----+-----+-----+
|     | 1 0 |     |     |
|     | 0 0 |     |     |
+-----+-----+-----+-----+
[0m
PLAYER 2
[033m+-----+-----+-----+-----+
|     |     |     |     |
|     |     |     |     |
+-----+-----+-----+-----+
| 0 0 |     |     |     |
| 1 0 |     |     |     |
+-----+-----+-----+-----+
|     |     | 1 1 | 1 0 |
|     |     | 1 0 | 1 1 |
+-----+-----+-----+-----+
|     | 1 0 | 0 0 |     |
|     | 0 0 | 0 1 |     |
+-----+-----+-----+-----+
[0m
PLAYER 2
I chose the piece n°1 : 0000
[033m+-----+-----+-----+-----+
|     |     |     |     |
|     |     |     |     |
+-----+-----+-----+-----+
| 0 0 |     |     |     |
| 1 0 |     |     |     |
+-----+-----+-----+-----+
|     |     | 1 1 | 1 0 |
|     |     | 1 0 | 1 1 |
+-----+-----+-----+-----+
|     | 1 0 | 0 0 |     |
|     | 0 0 | 0 1 |     |
+-----+-----+-----+-----+
[0m
PLAYER 1
[033m+-----+-----+-----+-----+
|     |     |     |     |
|     |     |     |     |
+-----+-----+-----+-----+
| 0 0 |     |     |     |
| 1 0 |     |     |     |
+-----+-----+-----+-----+
|     |     | 1 1 | 1 0 |
|     |     | 1 0 | 1 1 |
+-----+-----+-----+-----+
|     | 1 0 | 0 0 | 0 0 |
|     | 0 0 | 0 1 | 0 0 |
+-----+-----+-----+-----+
[0m
PLAYER 1
I chose the piece n°7 : 0110
[033m+-----+-----+-----+-----+
|     |     |     |     |
|     |     |     |     |
+-----+-----+-----+-----+
| 0 0 |     |     |     |
| 1 0 |     |     |     |
+-----+-----+-----+-----+
|     |     | 1 1 | 1 0 |
|     |     | 1 0 | 1 1 |
+-----+-----+-----+-----+
|     | 1 0 | 0 0 | 0 0 |
|     | 0 0 | 0 1 | 0 0 |
+-----+-----+-----+-----+
[0m
PLAYER 2
I chose the piece n°7 : 0110
[033m+-----+-----+-----+-----+
|     |     |     |     |
|     |     |     |     |
+-----+-----+-----+-----+
| 0 0 |     |     |     |
| 1 0 |     |     |     |
+-----+-----+-----+-----+
|     |     | 1 1 | 1 0 |
|     |     | 1 0 | 1 1 |
+-----+-----+-----+-----+
|     | 1 0 | 0 0 | 0 0 |
|     | 0 0 | 0 1 | 0 0 |
+-----+-----+-----+-----+
[0m
PLAYER 2
[033m+-----+-----+-----+-----+
|     | 0 1 |     |     |
|     | 1 0 |     |     |
+-----+-----+-----+-----+
| 0 0 |     |     |     |
| 1 0 |     |     |     |
+-----+-----+-----+-----+
|     |     | 1 1 | 1 0 |
|     |     | 1 0 | 1 1 |
+-----+-----+-----+-----+
|     | 1 0 | 0 0 | 0 0 |
|     | 0 0 | 0 1 | 0 0 |
+-----+-----+-----+-----+
[0m
PLAYER 2
I chose the piece n°13 : 1100
[033m+-----+-----+-----+-----+
|     | 0 1 |     |     |
|     | 1 0 |     |     |
+-----+-----+-----+-----+
| 0 0 |     |     |     |
| 1 0 |     |     |     |
+-----+-----+-----+-----+
|     |     | 1 1 | 1 0 |
|     |     | 1 0 | 1 1 |
+-----+-----+-----+-----+
|     | 1 0 | 0 0 | 0 0 |
|     | 0 0 | 0 1 | 0 0 |
+-----+-----+-----+-----+
[0m
PLAYER 1
I chose the piece n°8 : 0111
[033m+-----+-----+-----+-----+
|     | 0 1 |     |     |
|     | 1 0 |     |     |
+-----+-----+-----+-----+
| 0 0 |     |     |     |
| 1 0 |     |     |     |
+-----+-----+-----+-----+
|     |     | 1 1 | 1 0 |
|     |     | 1 0 | 1 1 |
+-----+-----+-----+-----+
|     | 1 0 | 0 0 | 0 0 |
|     | 0 0 | 0 1 | 0 0 |
+-----+-----+-----+-----+
[0m
PLAYER 1
[033m+-----+-----+-----+-----+
|     | 0 1 |     |     |
|     | 1 0 |     |     |
+-----+-----+-----+-----+
| 0 0 |     |     |     |
| 1 0 |     |     |     |
+-----+-----+-----+-----+
| 0 1 |     | 1 1 | 1 0 |
| 1 1 |     | 1 0 | 1 1 |
+-----+-----+-----+-----+
|     | 1 0 | 0 0 | 0 0 |
|     | 0 0 | 0 1 | 0 0 |
+-----+-----+-----+-----+
[0m
PLAYER 1
I chose the piece n°6 : 0101
[033m+-----+-----+-----+-----+
|     | 0 1 |     |     |
|     | 1 0 |     |     |
+-----+-----+-----+-----+
| 0 0 |     |     |     |
| 1 0 |     |     |     |
+-----+-----+-----+-----+
| 0 1 |     | 1 1 | 1 0 |
| 1 1 |     | 1 0 | 1 1 |
+-----+-----+-----+-----+
|     | 1 0 | 0 0 | 0 0 |
|     | 0 0 | 0 1 | 0 0 |
+-----+-----+-----+-----+
[0m
PLAYER 2
[033m+-----+-----+-----+-----+
| 0 1 | 0 1 |     |     |
| 0 1 | 1 0 |     |     |
+-----+-----+-----+-----+
| 0 0 |     |     |     |
| 1 0 |     |     |     |
+-----+-----+-----+-----+
| 0 1 |     | 1 1 | 1 0 |
| 1 1 |     | 1 0 | 1 1 |
+-----+-----+-----+-----+
|     | 1 0 | 0 0 | 0 0 |
|     | 0 0 | 0 1 | 0 0 |
+-----+-----+-----+-----+
[0m
PLAYER 2
I chose the piece n°14 : 1101
[033m+-----+-----+-----+-----+
| 0 1 | 0 1 |     |     |
| 0 1 | 1 0 |     |     |
+-----+-----+-----+-----+
| 0 0 |     |     |     |
| 1 0 |     |     |     |
+-----+-----+-----+-----+
| 0 1 |     | 1 1 | 1 0 |
| 1 1 |     | 1 0 | 1 1 |
+-----+-----+-----+-----+
|     | 1 0 | 0 0 | 0 0 |
|     | 0 0 | 0 1 | 0 0 |
+-----+-----+-----+-----+
[0m
PLAYER 1
I chose the piece n°4 : 0011
[033m+-----+-----+-----+-----+
| 0 1 | 0 1 |     |     |
| 0 1 | 1 0 |     |     |
+-----+-----+-----+-----+
| 0 0 |     |     |     |
| 1 0 |     |     |     |
+-----+-----+-----+-----+
| 0 1 |     | 1 1 | 1 0 |
| 1 1 |     | 1 0 | 1 1 |
+-----+-----+-----+-----+
|     | 1 0 | 0 0 | 0 0 |
|     | 0 0 | 0 1 | 0 0 |
+-----+-----+-----+-----+
[0m
PLAYER 1
[033m+-----+-----+-----+-----+
| 0 1 | 0 1 | 0 0 |     |
| 0 1 | 1 0 | 1 1 |     |
+-----+-----+-----+-----+
| 0 0 |     |     |     |
| 1 0 |     |     |     |
+-----+-----+-----+-----+
| 0 1 |     | 1 1 | 1 0 |
| 1 1 |     | 1 0 | 1 1 |
+-----+-----+-----+-----+
|     | 1 0 | 0 0 | 0 0 |
|     | 0 0 | 0 1 | 0 0 |
+-----+-----+-----+-----+
[0m
PLAYER 1
I chose the piece n°11 : 1010
[033m+-----+-----+-----+-----+
| 0 1 | 0 1 | 0 0 |     |
| 0 1 | 1 0 | 1 1 |     |
+-----+-----+-----+-----+
| 0 0 |     |     |     |
| 1 0 |     |     |     |
+-----+-----+-----+-----+
| 0 1 |     | 1 1 | 1 0 |
| 1 1 |     | 1 0 | 1 1 |
+-----+-----+-----+-----+
|     | 1 0 | 0 0 | 0 0 |
|     | 0 0 | 0 1 | 0 0 |
+-----+-----+-----+-----+
[0m
PLAYER 2
I chose the piece n°10 : 1001
[033m+-----+-----+-----+-----+
| 0 1 | 0 1 | 0 0 |     |
| 0 1 | 1 0 | 1 1 |     |
+-----+-----+-----+-----+
| 0 0 |     |     |     |
| 1 0 |     |     |     |
+-----+-----+-----+-----+
| 0 1 |     | 1 1 | 1 0 |
| 1 1 |     | 1 0 | 1 1 |
+-----+-----+-----+-----+
|     | 1 0 | 0 0 | 0 0 |
|     | 0 0 | 0 1 | 0 0 |
+-----+-----+-----+-----+
[0m
PLAYER 2
I chose the piece n°5 : 0100
[033m+-----+-----+-----+-----+
| 0 1 | 0 1 | 0 0 |     |
| 0 1 | 1 0 | 1 1 |     |
+-----+-----+-----+-----+
| 0 0 |     |     |     |
| 1 0 |     |     |     |
+-----+-----+-----+-----+
| 0 1 |     | 1 1 | 1 0 |
| 1 1 |     | 1 0 | 1 1 |
+-----+-----+-----+-----+
|     | 1 0 | 0 0 | 0 0 |
|     | 0 0 | 0 1 | 0 0 |
+-----+-----+-----+-----+
[0m
PLAYER 2
I chose the piece n°5 : 0100
[033m+-----+-----+-----+-----+
| 0 1 | 0 1 | 0 0 |     |
| 0 1 | 1 0 | 1 1 |     |
+-----+-----+-----+-----+
| 0 0 |     |     |     |
| 1 0 |     |     |     |
+-----+-----+-----+-----+
| 0 1 |     | 1 1 | 1 0 |
| 1 1 |     | 1 0 | 1 1 |
+-----+-----+-----+-----+
|     | 1 0 | 0 0 | 0 0 |
|     | 0 0 | 0 1 | 0 0 |
+-----+-----+-----+-----+
[0m
PLAYER 2
[033m+-----+-----+-----+-----+
| 0 1 | 0 1 | 0 0 |     |
| 0 1 | 1 0 | 1 1 |     |
+-----+-----+-----+-----+
| 0 0 |     |     |     |
| 1 0 |     |     |     |
+-----+-----+-----+-----+
| 0 1 |     | 1 1 | 1 0 |
| 1 1 |     | 1 0 | 1 1 |
+-----+-----+-----+-----+
| 0 1 | 1 0 | 0 0 | 0 0 |
| 0 0 | 0 0 | 0 1 | 0 0 |
+-----+-----+-----+-----+
[0m[031m*************************************
* GAME OVER * GAME OVER * GAME OVER *
*************************************
Player 1 aligned round pieces on the 4th row[0m

PLAYER 1
I chose the piece n°8 : 0111
[033m+-----+-----+-----+-----+
|     |     |     |     |
|     |     |     |     |
+-----+-----+-----+-----+
|     |     |     |     |
|     |     |     |     |
+-----+-----+-----+-----+
|     |     |     |     |
|     |     |     |     |
+-----+-----+-----+-----+
|     |     |     |     |
|     |     |     |     |
+-----+-----+-----+-----+
[0m
PLAYER 2
[033m+-----+-----+-----+-----+
|     |     |     |     |
|     |     |     |     |
+-----+-----+-----+-----+
|     | 0 1 |     |     |
|     | 1 1 |     |     |
+-----+-----+-----+-----+
|     |     |     |     |
|     |     |     |     |
+-----+-----+-----+-----+
|     |     |     |     |
|     |     |     |     |
+-----+-----+-----+-----+
[0m
PLAYER 2
I chose the piece n°13 : 1100
[033m+-----+-----+-----+-----+
|     |     |     |     |
|     |     |     |     |
+-----+-----+-----+-----+
|     | 0 1 |     |     |
|     | 1 1 |     |     |
+-----+-----+-----+-----+
|     |     |     |     |
|     |     |     |     |
+-----+-----+-----+-----+
|     |     |     |     |
|     |     |     |     |
+-----+-----+-----+-----+
[0m
PLAYER 1
[033m+-----+-----+-----+-----+
|     |     |     |     |
|     |     |     |     |
+-----+-----+-----+-----+
| 1 1 | 0 1 |     |     |
| 0 0 | 1 1 |     |     |
+-----+-----+-----+-----+
|     |     |     |     |
|     |     |     |     |
+-----+-----+-----+-----+
|     |     |     |     |
|     |     |     |     |
+-----+-----+-----+-----+
[0m
PLAYER 1
I chose the piece n°15 : 1110
[033m+-----+-----+-----+-----+
|     |     |     |     |
|     |     |     |     |
+-----+-----+-----+-----+
| 1 1 | 0 1 |     |     |
| 0 0 | 1 1 |     |     |
+-----+-----+-----+-----+
|     |     |     |     |
|     |     |     |     |
+-----+-----+-----+-----+
|     |     |     |     |
|     |     |     |     |
+-----+-----+-----+-----+
[0m
PLAYER 2
[033m+-----+-----+-----+-----+
|     |     |     |     |
|     |     |     |     |
+-----+-----+-----+-----+
| 1 1 | 0 1 | 1 1 |     |
| 0 0 | 1 1 | 1 0 |     |
+-----+-----+-----+-----+
|     |     |     |     |
|     |     |     |     |
+-----+-----+-----+-----+
|     |     |     |     |
|     |     |     |     |
+-----+-----+-----+-----+
[0m
PLAYER 2
I chose the piece n°12 : 1011
[033m+-----+-----+-----+-----+
|     |     |     |     |
|     |     |     |     |
+-----+-----+-----+-----+
| 1 1 | 0 1 | 1 1 |     |
| 0 0 | 1 1 | 1 0 |     |
+-----+-----+-----+-----+
|     |     |     |     |
|     |     |     |     |
+-----+-----+-----+-----+
|     |     |     |     |
|     |     |     |     |
+-----+-----+-----+-----+
[0m
PLAYER 1
I chose the piece n°4 : 0011
[033m+-----+-----+-----+-----+
|     |     |     |     |
|     |     |     |     |
+-----+-----+-----+-----+
| 1 1 | 0 1 | 1 1 |     |
| 0 0 | 1 1 | 1 0 |     |
+-----+-----+-----+-----+
|     |     |     |     |
|     |     |     |     |
+-----+-----+-----+-----+
|     |     |     |     |
|     |     |     |     |
+-----+-----+-----+-----+
[0m
PLAYER 1
[033m+-----+-----+-----+-----+
|     |     |     |     |
|     |     |     |     |
+-----+-----+-----+-----+
| 1 1 | 0 1 | 1 1 |     |
| 0 0 | 1 1 | 1 0 |     |
+-----+-----+-----+-----+
|     |     |     |     |
|     |     |     |     |
+-----+-----+-----+-----+
|     |     |     | 0 0 |
|     |     |     | 1 1 |
+-----+-----+-----+-----+
[0m
PLAYER 1
I chose the piece n°7 : 0110
[033m+-----+-----+-----+-----+
|     |     |     |     |
|     |     |     |     |
+-----+-----+-----+-----+
| 1 1 | 0 1 | 1 1 |     |
| 0 0 | 1 1 | 1 0 |     |
+-----+-----+-----+-----+
|     |     |     |     |
|     |     |     |     |
+-----+-----+-----+-----+
|     |     |     | 0 0 |
|     |     |     | 1 1 |
+-----+-----+-----+-----+
[0m
PLAYER 2
[033m+-----+-----+-----+-----+
| 0 1 |     |     |     |
| 1 0 |     |     |     |
+-----+-----+-----+-----+
| 1 1 | 0 1 | 1 1 |     |
| 0 0 | 1 1 | 1 0 |     |
+-----+-----+-----+-----+
|     |     |     |     |
|     |     |     |     |
+-----+-----+-----+-----+
|     |     |     | 0 0 |
|     |     |     | 1 1 |
+-----+-----+-----+-----+
[0m
PLAYER 2
I chose the piece n°1 : 0000
[033m+-----+-----+-----+-----+
| 0 1 |     |     |     |
| 1 0 |     |     |     |
+-----+-----+-----+-----+
| 1 1 | 0 1 | 1 1 |     |
| 0 0 | 1 1 | 1 0 |     |
+-----+-----+-----+-----+
|     |     |     |     |
|     |     |     |     |
+-----+-----+-----+-----+
|     |     |     | 0 0 |
|     |     |     | 1 1 |
+-----+-----+-----+-----+
[0m
PLAYER 1
[033m+-----+-----+-----+-----+
| 0 1 |     |     |     |
| 1 0 |     |     |     |
+-----+-----+-----+-----+
| 1 1 | 0 1 | 1 1 |     |
| 0 0 | 1 1 | 1 0 |     |
+-----+-----+-----+-----+
|     |     |     | 0 0 |
|     |     |     | 0 0 |
+-----+-----+-----+-----+
|     |     |     | 0 0 |
|     |     |     | 1 1 |
+-----+-----+-----+-----+
[0m
PLAYER 1
I chose the piece n°12 : 1011
[033m+-----+-----+-----+-----+
| 0 1 |     |     |     |
| 1 0 |     |     |     |
+-----+-----+-----+-----+
| 1 1 | 0 1 | 1 1 |     |
| 0 0 | 1 1 | 1 0 |     |
+-----+-----+-----+-----+
|     |     |     | 0 0 |
|     |     |     | 0 0 |
+-----+-----+-----+-----+
|     |     |     | 0 0 |
|     |     |     | 1 1 |
+-----+-----+-----+-----+
[0m
PLAYER 2
I chose the piece n°6 : 0101
[033m+-----+-----+-----+-----+
| 0 1 |     |     |     |
| 1 0 |     |     |     |
+-----+-----+-----+-----+
| 1 1 | 0 1 | 1 1 |     |
| 0 0 | 1 1 | 1 0 |     |
+-----+-----+-----+-----+
|     |     |     | 0 0 |
|     |     |     | 0 0 |
+-----+-----+-----+-----+
|     |     |     | 0 0 |
|     |     |     | 1 1 |
+-----+-----+-----+-----+
[0m
PLAYER 2
I chose the piece n°2 : 0001
[033m+-----+-----+-----+-----+
| 0 1 |     |     |     |
| 1 0 |     |     |     |
+-----+-----+-----+-----+
| 1 1 | 0 1 | 1 1 |     |
| 0 0 | 1 1 | 1 0 |     |
+-----+-----+-----+-----+
|     |     |     | 0 0 |
|     |     |     | 0 0 |
+-----+-----+-----+-----+
|     |     |     | 0 0 |
|     |     |     | 1 1 |
+-----+-----+-----+-----+
[0m
PLAYER 2
I chose the piece n°11 : 1010
[033m+-----+-----+-----+-----+
| 0 1 |     |     |     |
| 1 0 |     |     |     |
+-----+-----+-----+-----+
| 1 1 | 0 1 | 1 1 |     |
| 0 0 | 1 1 | 1 0 |     |
+-----+-----+-----+-----+
|     |     |     | 0 0 |
|     |     |     | 0 0 |
+-----+-----+-----+-----+
|     |     |     | 0 0 |
|     |     |     | 1 1 |
+-----+-----+-----+-----+
[0m
PLAYER 2
[033m+-----+-----+-----+-----+
| 0 1 |     |     |     |
| 1 0 |     |     |     |
+-----+-----+-----+-----+
| 1 1 | 0 1 | 1 1 |     |
| 0 0 | 1 1 | 1 0 |     |
+-----+-----+-----+-----+
|     |     | 1 0 | 0 0 |
|     |     | 1 0 | 0 0 |
+-----+-----+-----+-----+
|     |     |     | 0 0 |
|     |     |     | 1 1 |
+-----+-----+-----+-----+
[0m[031m*************************************
* GAME OVER * GAME OVER * GAME OVER *
*************************************
Player 1 aligned square pieces on the 1st diagonal[0m

PLAYER 1
I chose the piece n°13 : 1100
[033m+-----+-----+-----+-----+
|     |     |     |     |
|     |     |     |     |
+-----+-----+-----+-----+
|     |     |     |     |
|     |     |     |     |
+-----+-----+-----+-----+
|     |     |     |     |
|     |     |     |     |
+-----+-----+-----+-----+
|     |     |     |     |
|     |     |     |     |
+-----+-----+-----+-----+
[0m
PLAYER 2
[033m+-----+-----+-----+-----+
|     |     |     |     |
|     |     |     |     |
+-----+-----+-----+-----+
|     |     |     |     |
|     |     |     |     |
+-----+-----+-----+-----+
|     |     |     |     |
|     |     |     |     |
+-----+-----+-----+-----+
|     |     | 1 1 |     |
|     |     | 0 0 |     |
+-----+-----+-----+-----+
[0m
PLAYER 2
I chose the piece n°14 : 1101
[033m+-----+-----+-----+-----+
|     |     |     |     |
|     |     |     |     |
+-----+-----+-----+-----+
|     |     |     |     |
|     |     |     |     |
+-----+-----+-----+-----+
|     |     |     |     |
|     |     |     |     |
+-----+-----+-----+-----+
|     |     | 1 1 |     |
|     |     | 0 0 |     |
+-----+-----+-----+-----+
[0m
PLAYER 1
[033m+-----+-----+-----+-----+
|     |     |     |     |
|     |     |     |     |
+-----+-----+-----+-----+
|     |     |     |     |
|     |     |     |     |
+-----+-----+-----+-----+
|     |     |     |     |
|     |     |     |     |
+-----+-----+-----+-----+
|     |     | 1 1 | 1 1 |
|     |     | 0 0 | 0 1 |
+-----+-----+-----+-----+
[0m
PLAYER 1
I chose the piece n°7 : 0110
[033m+-----+-----+-----+-----+
|     |     |     |     |
|     |     |     |     |
+-----+-----+-----+-----+
|     |     |     |     |
|     |     |     |     |
+-----+-----+-----+-----+
|     |     |     |     |
|     |     |     |     |
+-----+-----+-----+-----+
|     |     | 1 1 | 1 1 |
|     |     | 0 0 | 0 1 |
+-----+-----+-----+-----+
[0m
PLAYER 2
[033m+-----+-----+-----+-----+
|     |     |     |     |
|     |     |     |     |
+-----+-----+-----+-----+
|     |     |     |     |
|     |     |     |     |
+-----+-----+-----+-----+
| 0 1 |     |     |     |
| 1 0 |     |     |     |
+-----+-----+-----+-----+
|     |     | 1 1 | 1 1 |
|     |     | 0 0 | 0 1 |
+-----+-----+-----+-----+
[0m
PLAYER 2
I chose the piece n°1 : 0000
[033m+-----+-----+-----+-----+
|     |     |     |     |
|     |     |     |     |
+-----+-----+-----+-----+
|     |     |     |     |
|     |     |     |     |
+-----+-----+-----+-----+
| 0 1 |     |     |     |
| 1 0 |     |     |     |
+-----+-----+-----+-----+
|     |     | 1 1 | 1 1 |
|     |     | 0 0 | 0 1 |
+-----+-----+-----+-----+
[0m
PLAYER 1
[033m+-----+-----+-----+-----+
|     |     |     |     |
|     |     |     |     |
+-----+-----+-----+-----+
| 0 0 |     |     |     |
| 0 0 |     |     |     |
+-----+-----+-----+-----+
| 0 1 |     |     |     |
| 1 0 |     |     |     |
+-----+-----+-----+-----+
|     |     | 1 1 | 1 1 |
|     |     | 0 0 | 0 1 |
+-----+-----+-----+-----+
[0m
PLAYER 1
I chose the piece n°10 : 1001
[033m+-----+-----+-----+-----+
|     |     |     |     |
|     |     |     |     |
+-----+-----+-----+-----+
| 0 0 |     |     |     |
| 0 0 |     |     |     |
+-----+-----+-----+-----+
| 0 1 |     |     |     |
| 1 0 |     |     |     |
+-----+-----+-----+-----+
|     |     | 1 1 | 1 1 |
|     |     | 0 0 | 0 1 |
+-----+-----+-----+-----+
[0m
PLAYER 2
[033m+-----+-----+-----+-----+
|     |     | 1 0 |     |
|     |     | 0 1 |     |
+-----+-----+-----+-----+
| 0 0 |     |     |     |
| 0 0 |     |     |     |
+-----+-----+-----+-----+
| 0 1 |     |     |     |
| 1 0 |     |     |     |
+-----+-----+-----+-----+
|     |     | 1 1 | 1 1 |
|     |     | 0 0 | 0 1 |
+-----+-----+-----+-----+
[0m
PLAYER 2
I chose the piece n°15 : 1110
[033m+-----+-----+-----+-----+
|     |     | 1 0 |     |
|     |     | 0 1 |     |
+-----+-----+-----+-----+
| 0 0 |     |     |     |
| 0 0 |     |     |     |
+-----+-----+-----+-----+
| 0 1 |     |     |     |
| 1 0 |     |     |     |
+-----+-----+-----+-----+
|     |     | 1 1 | 1 1 |
|     |     | 0 0 | 0 1 |
+-----+-----+-----+-----+
[0m
PLAYER 1
[033m+-----+-----+-----+-----+
|     |     | 1 0 |     |
|     |     | 0 1 |     |
+-----+-----+-----+-----+
| 0 0 |     |     | 1 1 |
| 0 0 |     |     | 1 0 |
+-----+-----+-----+-----+
| 0 1 |     |     |     |
| 1 0 |     |     |     |
+-----+-----+-----+-----+
|     |     | 1 1 | 1 1 |
|     |     | 0 0 | 0 1 |
+-----+-----+-----+-----+
[0m
PLAYER 1
I chose the piece n°11 : 1010
[033m+-----+-----+-----+-----+
|     |     | 1 0 |     |
|     |     | 0 1 |     |
+-----+-----+-----+-----+
| 0 0 |     |     | 1 1 |
| 0 0 |     |     | 1 0 |
+-----+-----+-----+-----+
| 0 1 |     |     |     |
| 1 0 |     |     |     |
+-----+-----+-----+-----+
|     |     | 1 1 | 1 1 |
|     |     | 0 0 | 0 1 |
+-----+-----+-----+-----+
[0m
PLAYER 2
I chose the piece n°8 : 0111
[033m+-----+-----+-----+-----+
|     |     | 1 0 |     |
|     |     | 0 1 |     |
+-----+-----+-----+-----+
| 0 0 |     |     | 1 1 |
| 0 0 |     |     | 1 0 |
+-----+-----+-----+-----+
| 0 1 |     |     |     |
| 1 0 |     |     |     |
+-----+-----+-----+-----+
|     |     | 1 1 | 1 1 |
|     |     | 0 0 | 0 1 |
+-----+-----+-----+-----+
[0m
PLAYER 2
[033m+-----+-----+-----+-----+
|     |     | 1 0 |     |
|     |     | 0 1 |     |
+-----+-----+-----+-----+
| 0 0 |     |     | 1 1 |
| 0 0 |     |     | 1 0 |
+-----+-----+-----+-----+
| 0 1 |     |     |     |
| 1 0 |     |     |     |
+-----+-----+-----+-----+
| 0 1 |     | 1 1 | 1 1 |
| 1 1 |     | 0 0 | 0 1 |
+-----+-----+-----+-----+
[0m
PLAYER 2
I chose the piece n°6 : 0101
[033m+-----+-----+-----+-----+
|     |     | 1 0 |     |
|     |     | 0 1 |     |
+-----+-----+-----+-----+
| 0 0 |     |     | 1 1 |
| 0 0 |     |     | 1 0 |
+-----+-----+-----+-----+
| 0 1 |     |     |     |
| 1 0 |     |     |     |
+-----+-----+-----+-----+
| 0 1 |     | 1 1 | 1 1 |
| 1 1 |     | 0 0 | 0 1 |
+-----+-----+-----+-----+
[0m
PLAYER 1
[033m+-----+-----+-----+-----+
| 0 1 |     | 1 0 |     |
| 0 1 |     | 0 1 |     |
+-----+-----+-----+-----+
| 0 0 |     |     | 1 1 |
| 0 0 |     |     | 1 0 |
+-----+-----+-----+-----+
| 0 1 |     |     |     |
| 1 0 |     |     |     |
+-----+-----+-----+-----+
| 0 1 |     | 1 1 | 1 1 |
| 1 1 |     | 0 0 | 0 1 |
+-----+-----+-----+-----+
[0m[031m*************************************
* GAME OVER * GAME OVER * GAME OVER *
*************************************
Player 2 aligned white pieces on the 1st column[0m

PLAYER 1
I chose the piece n°3 : 0010
[033m+-----+-----+-----+-----+
|     |     |     |     |
|     |     |     |     |
+-----+-----+-----+-----+
|     |     |     |     |
|     |     |     |     |
+-----+-----+-----+-----+
|     |     |     |     |
|     |     |     |     |
+-----+-----+-----+-----+
|     |     |     |     |
|     |     |     |     |
+-----+-----+-----+-----+
[0m
PLAYER 2
[033m+-----+-----+-----+-----+
|     |     |     |     |
|     |     |     |     |
+-----+-----+-----+-----+
|     |     |     |     |
|     |     |     |     |
+-----+-----+-----+-----+
|     |     |     |     |
|     |     |     |     |
+-----+-----+-----+-----+
| 0 0 |     |     |     |
| 1 0 |     |     |     |
+-----+-----+-----+-----+
[0m
PLAYER 2
I chose the piece n°12 : 1011
[033m+-----+-----+-----+-----+
|     |     |     |     |
|     |     |     |     |
+-----+-----+-----+-----+
|     |     |     |     |
|     |     |     |     |
+-----+-----+-----+-----+
|     |     |     |     |
|     |     |     |     |
+-----+-----+-----+-----+
| 0 0 |     |     |     |
| 1 0 |     |     |     |
+-----+-----+-----+-----+
[0m
PLAYER 1
[033m+-----+-----+-----+-----+
| 1 0 |     |     |     |
| 1 1 |     |     |     |
+-----+-----+-----+-----+
|     |     |     |     |
|     |     |     |     |
+-----+-----+-----+-----+
|     |     |     |     |
|     |     |     |     |
+-----+-----+-----+-----+
| 0 0 |     |     |     |
| 1 0 |     |     |     |
+-----+-----+-----+-----+
[0m
PLAYER 1
I chose the piece n°13 : 1100
[033m+-----+-----+-----+-----+
| 1 0 |     |     |     |
| 1 1 |     |     |     |
+-----+-----+-----+-----+
|     |     |     |     |
|     |     |     |     |
+-----+-----+-----+-----+
|     |     |     |     |
|     |     |     |     |
+-----+-----+-----+-----+
| 0 0 |     |     |     |
| 1 0 |     |     |     |
+-----+-----+-----+-----+
[0m
PLAYER 2
[033m+-----+-----+-----+-----+
| 1 0 |     |     |     |
| 1 1 |     |     |     |
+-----+-----+-----+-----+
|     |     |     |     |
|     |     |     |     |
+-----+-----+-----+-----+
|     |     |     | 1 1 |
|     |     |     | 0 0 |
+-----+-----+-----+-----+
| 0 0 |     |     |     |
| 1 0 |     |     |     |
+-----+-----+-----+-----+
[0m
PLAYER 2
I chose the piece n°10 : 1001
[033m+-----+-----+-----+-----+
| 1 0 |     |     |     |
| 1 1 |     |     |     |
+-----+-----+-----+-----+
|     |     |     |     |
|     |     |     |     |
+-----+-----+-----+-----+
|     |     |     | 1 1 |
|     |     |     | 0 0 |
+-----+-----+-----+-----+
| 0 0 |     |     |     |
| 1 0 |     |     |     |
+-----+-----+-----+-----+
[0m
PLAYER 1
[033m+-----+-----+-----+-----+
| 1 0 |     |     |     |
| 1 1 |     |     |     |
+-----+-----+-----+-----+
|     |     |     |     |
|     |     |     |     |
+-----+-----+-----+-----+
|     |     |     | 1 1 |
|     |     |     | 0 0 |
+-----+-----+-----+-----+
| 0 0 | 1 0 |     |     |
| 1 0 | 0 1 |     |     |
+-----+-----+-----+-----+
[0m
PLAYER 1
I chose the piece n°8 : 0111
[033m+-----+-----+-----+-----+
| 1 0 |     |     |     |
| 1 1 |     |     |     |
+-----+-----+-----+-----+
|     |     |     |     |
|     |     |     |     |
+-----+-----+-----+-----+
|     |     |     | 1 1 |
|     |     |     | 0 0 |
+-----+-----+-----+-----+
| 0 0 | 1 0 |     |     |
| 1 0 | 0 1 |     |     |
+-----+-----+-----+-----+
[0m
PLAYER 2
I chose the piece n°1 : 0000
[033m+-----+-----+-----+-----+
| 1 0 |     |     |     |
| 1 1 |     |     |     |
+-----+-----+-----+-----+
|     |     |     |     |
|     |     |     |     |
+-----+-----+-----+-----+
|     |     |     | 1 1 |
|     |     |     | 0 0 |
+-----+-----+-----+-----+
| 0 0 | 1 0 |     |     |
| 1 0 | 0 1 |     |     |
+-----+-----+-----+-----+
[0m
PLAYER 2
I chose the piece n°14 : 1101
[033m+-----+-----+-----+-----+
| 1 0 |     |     |     |
| 1 1 |     |     |     |
+-----+-----+-----+-----+
|     |     |     |     |
|     |     |     |     |
+-----+-----+-----+-----+
|     |     |     | 1 1 |
|     |     |     | 0 0 |
+-----+-----+-----+-----+
| 0 0 | 1 0 |     |     |
| 1 0 | 0 1 |     |     |
+-----+-----+-----+-----+
[0m
PLAYER 2
[033m+-----+-----+-----+-----+
| 1 0 |     |     |     |
| 1 1 |     |     |     |
+-----+-----+-----+-----+
|     | 1 1 |     |     |
|     | 0 1 |     |     |
+-----+-----+-----+-----+
|     |     |     | 1 1 |
|     |     |     | 0 0 |
+-----+-----+-----+-----+
| 0 0 | 1 0 |     |     |
| 1 0 | 0 1 |     |     |
+-----+-----+-----+-----+
[0m
PLAYER 2
I chose the piece n°1 : 0000
[033m+-----+-----+-----+-----+
| 1 0 |     |     |     |
| 1 1 |     |     |     |
+-----+-----+-----+-----+
|     | 1 1 |     |     |
|     | 0 1 |     |     |
+-----+-----+-----+-----+
|     |     |     | 1 1 |
|     |     |     | 0 0 |
+-----+-----+-----+-----+
| 0 0 | 1 0 |     |     |
| 1 0 | 0 1 |     |     |
+-----+-----+-----+-----+
[0m
PLAYER 1
[033m+-----+-----+-----+-----+
| 1 0 | 0 0 |     |     |
| 1 1 | 0 0 |     |     |
+-----+-----+-----+-----+
|     | 1 1 |     |     |
|     | 0 1 |     |     |
+-----+-----+-----+-----+
|     |     |     | 1 1 |
|     |     |     | 0 0 |
+-----+-----+-----+-----+
| 0 0 | 1 0 |     |     |
| 1 0 | 0 1 |     |     |
+-----+-----+-----+-----+
[0m
PLAYER 1
I chose the piece n°11 : 1010
[033m+-----+-----+-----+-----+
| 1 0 | 0 0 |     |     |
| 1 1 | 0 0 |     |     |
+-----+-----+-----+-----+
|     | 1 1 |     |     |
|     | 0 1 |     |     |
+-----+-----+-----+-----+
|     |     |     | 1 1 |
|     |     |     | 0 0 |
+-----+-----+-----+-----+
| 0 0 | 1 0 |     |     |
| 1 0 | 0 1 |     |     |
+-----+-----+-----+-----+
[0m
PLAYER 2
[033m+-----+-----+-----+-----+
| 1 0 | 0 0 | 1 0 |     |
| 1 1 | 0 0 | 1 0 |     |
+-----+-----+-----+-----+
|     | 1 1 |     |     |
|     | 0 1 |     |     |
+-----+-----+-----+-----+
|     |     |     | 1 1 |
|     |     |     | 0 0 |
+-----+-----+-----+-----+
| 0 0 | 1 0 |     |     |
| 1 0 | 0 1 |     |     |
+-----+-----+-----+-----+
[0m
PLAYER 2
I chose the piece n°7 : 0110
[033m+-----+-----+-----+-----+
| 1 0 | 0 0 | 1 0 |     |
| 1 1 | 0 0 | 1 0 |     |
+-----+-----+-----+-----+
|     | 1 1 |     |     |
|     | 0 1 |     |     |
+-----+-----+-----+-----+
|     |     |     | 1 1 |
|     |     |     | 0 0 |
+-----+-----+-----+-----+
| 0 0 | 1 0 |     |     |
| 1 0 | 0 1 |     |     |
+-----+-----+-----+-----+
[0m
PLAYER 1
I chose the piece n°2 : 0001
[033m+-----+-----+-----+-----+
| 1 0 | 0 0 | 1 0 |     |
| 1 1 | 0 0 | 1 0 |     |
+-----+-----+-----+-----+
|     | 1 1 |     |     |
|     | 0 1 |     |     |
+-----+-----+-----+-----+
|     |     |     | 1 1 |
|     |     |     | 0 0 |
+-----+-----+-----+-----+
| 0 0 | 1 0 |     |     |
| 1 0 | 0 1 |     |     |
+-----+-----+-----+-----+
[0m
PLAYER 1
[033m+-----+-----+-----+-----+
| 1 0 | 0 0 | 1 0 |     |
| 1 1 | 0 0 | 1 0 |     |
+-----+-----+-----+-----+
|     | 1 1 | 0 0 |     |
|     | 0 1 | 0 1 |     |
+-----+-----+-----+-----+
|     |     |     | 1 1 |
|     |     |     | 0 0 |
+-----+-----+-----+-----+
| 0 0 | 1 0 |     |     |
| 1 0 | 0 1 |     |     |
+-----+-----+-----+-----+
[0m
PLAYER 1
I chose the piece n°16 : 1111
[033m+-----+-----+-----+-----+
| 1 0 | 0 0 | 1 0 |     |
| 1 1 | 0 0 | 1 0 |     |
+-----+-----+-----+-----+
|     | 1 1 | 0 0 |     |
|     | 0 1 | 0 1 |     |
+-----+-----+-----+-----+
|     |     |     | 1 1 |
|     |     |     | 0 0 |
+-----+-----+-----+-----+
| 0 0 | 1 0 |     |     |
| 1 0 | 0 1 |     |     |
+-----+-----+-----+-----+
[0m
PLAYER 2
[033m+-----+-----+-----+-----+
| 1 0 | 0 0 | 1 0 |     |
| 1 1 | 0 0 | 1 0 |     |
+-----+-----+-----+-----+
|     | 1 1 | 0 0 | 1 1 |
|     | 0 1 | 0 1 | 1 1 |
+-----+-----+-----+-----+
|     |     |     | 1 1 |
|     |     |     | 0 0 |
+-----+-----+-----+-----+
| 0 0 | 1 0 |     |     |
| 1 0 | 0 1 |     |     |
+-----+-----+-----+-----+
[0m
PLAYER 2
I chose the piece n°5 : 0100
[033m+-----+-----+-----+-----+
| 1 0 | 0 0 | 1 0 |     |
| 1 1 | 0 0 | 1 0 |     |
+-----+-----+-----+-----+
|     | 1 1 | 0 0 | 1 1 |
|     | 0 1 | 0 1 | 1 1 |
+-----+-----+-----+-----+
|     |     |     | 1 1 |
|     |     |     | 0 0 |
+-----+-----+-----+-----+
| 0 0 | 1 0 |     |     |
| 1 0 | 0 1 |     |     |
+-----+-----+-----+-----+
[0m
PLAYER 1
I chose the piece n°4 : 0011
[033m+-----+-----+-----+-----+
| 1 0 | 0 0 | 1 0 |     |
| 1 1 | 0 0 | 1 0 |     |
+-----+-----+-----+-----+
|     | 1 1 | 0 0 | 1 1 |
|     | 0 1 | 0 1 | 1 1 |
+-----+-----+-----+-----+
|     |     |     | 1 1 |
|     |     |     | 0 0 |
+-----+-----+-----+-----+
| 0 0 | 1 0 |     |     |
| 1 0 | 0 1 |     |     |
+-----+-----+-----+-----+
[0m
PLAYER 1
I chose the piece n°7 : 0110
[033m+-----+-----+-----+-----+
| 1 0 | 0 0 | 1 0 |     |
| 1 1 | 0 0 | 1 0 |     |
+-----+-----+-----+-----+
|     | 1 1 | 0 0 | 1 1 |
|     | 0 1 | 0 1 | 1 1 |
+-----+-----+-----+-----+
|     |     |     | 1 1 |
|     |     |     | 0 0 |
+-----+-----+-----+-----+
| 0 0 | 1 0 |     |     |
| 1 0 | 0 1 |     |     |
+-----+-----+-----+-----+
[0m
PLAYER 1
I chose the piece n°7 : 0110
[033m+-----+-----+-----+-----+
| 1 0 | 0 0 | 1 0 |     |
| 1 1 | 0 0 | 1 0 |     |
+-----+-----+-----+-----+
|     | 1 1 | 0 0 | 1 1 |
|     | 0 1 | 0 1 | 1 1 |
+-----+-----+-----+-----+
|     |     |     | 1 1 |
|     |     |     | 0 0 |
+-----+-----+-----+-----+
| 0 0 | 1 0 |     |     |
| 1 0 | 0 1 |     |     |
+-----+-----+-----+-----+
[0m
PLAYER 1
[033m+-----+-----+-----+-----+
| 1 0 | 0 0 | 1 0 |     |
| 1 1 | 0 0 | 1 0 |     |
+-----+-----+-----+-----+
|     | 1 1 | 0 0 | 1 1 |
|     | 0 1 | 0 1 | 1 1 |
+-----+-----+-----+-----+
|     |     |     | 1 1 |
|     |     |     | 0 0 |
+-----+-----+-----+-----+
| 0 0 | 1 0 | 0 1 |     |
| 1 0 | 0 1 | 1 0 |     |
+-----+-----+-----+-----+
[0m
PLAYER 1
I chose the piece n°9 : 1000
[033m+-----+-----+-----+-----+
| 1 0 | 0 0 | 1 0 |     |
| 1 1 | 0 0 | 1 0 |     |
+-----+-----+-----+-----+
|     | 1 1 | 0 0 | 1 1 |
|     | 0 1 | 0 1 | 1 1 |
+-----+-----+-----+-----+
|     |     |     | 1 1 |
|     |     |     | 0 0 |
+-----+-----+-----+-----+
| 0 0 | 1 0 | 0 1 |     |
| 1 0 | 0 1 | 1 0 |     |
+-----+-----+-----+-----+
[0m
PLAYER 2
I chose the piece n°6 : 0101
[033m+-----+-----+-----+-----+
| 1 0 | 0 0 | 1 0 |     |
| 1 1 | 0 0 | 1 0 |     |
+-----+-----+-----+-----+
|     | 1 1 | 0 0 | 1 1 |
|     | 0 1 | 0 1 | 1 1 |
+-----+-----+-----+-----+
|     |     |     | 1 1 |
|     |     |     | 0 0 |
+-----+-----+-----+-----+
| 0 0 | 1 0 | 0 1 |     |
| 1 0 | 0 1 | 1 0 |     |
+-----+-----+-----+-----+
[0m
PLAYER 2
I chose the piece n°6 : 0101
[033m+-----+-----+-----+-----+
| 1 0 | 0 0 | 1 0 |     |
| 1 1 | 0 0 | 1 0 |     |
+-----+-----+-----+-----+
|     | 1 1 | 0 0 | 1 1 |
|     | 0 1 | 0 1 | 1 1 |
+-----+-----+-----+-----+
|     |     |     | 1 1 |
|     |     |     | 0 0 |
+-----+-----+-----+-----+
| 0 0 | 1 0 | 0 1 |     |
| 1 0 | 0 1 | 1 0 |     |
+-----+-----+-----+-----+
[0m
PLAYER 2
I chose the piece n°6 : 0101
[033m+-----+-----+-----+-----+
| 1 0 | 0 0 | 1 0 |     |
| 1 1 | 0 0 | 1 0 |     |
+-----+-----+-----+-----+
|     | 1 1 | 0 0 | 1 1 |
|     | 0 1 | 0 1 | 1 1 |
+-----+-----+-----+-----+
|     |     |     | 1 1 |
|     |     |     | 0 0 |
+-----+-----+-----+-----+
| 0 0 | 1 0 | 0 1 |     |
| 1 0 | 0 1 | 1 0 |     |
+-----+-----+-----+-----+
[0m
PLAYER 2
I chose the piece n°9 : 1000
[033m+-----+-----+-----+-----+
| 1 0 | 0 0 | 1 0 |     |
| 1 1 | 0 0 | 1 0 |     |
+-----+-----+-----+-----+
|     | 1 1 | 0 0 | 1 1 |
|     | 0 1 | 0 1 | 1 1 |
+-----+-----+-----+-----+
|     |     |     | 1 1 |
|     |     |     | 0 0 |
+-----+-----+-----+-----+
| 0 0 | 1 0 | 0 1 |     |
| 1 0 | 0 1 | 1 0 |     |
+-----+-----+-----+-----+
[0m
PLAYER 2
I chose the piece n°5 : 0100
[033m+-----+-----+-----+-----+
| 1 0 | 0 0 | 1 0 |     |
| 1 1 | 0 0 | 1 0 |     |
+-----+-----+-----+-----+
|     | 1 1 | 0 0 | 1 1 |
|     | 0 1 | 0 1 | 1 1 |
+-----+-----+-----+-----+
|     |     |     | 1 1 |
|     |     |     | 0 0 |
+-----+-----+-----+-----+
| 0 0 | 1 0 | 0 1 |     |
| 1 0 | 0 1 | 1 0 |     |
+-----+-----+-----+-----+
[0m
PLAYER 2
I chose the piece n°5 : 0100
[033m+-----+-----+-----+-----+
| 1 0 | 0 0 | 1 0 |     |
| 1 1 | 0 0 | 1 0 |     |
+-----+-----+-----+-----+
|     | 1 1 | 0 0 | 1 1 |
|     | 0 1 | 0 1 | 1 1 |
+-----+-----+-----+-----+
|     |     |     | 1 1 |
|     |     |     | 0 0 |
+-----+-----+-----+-----+
| 0 0 | 1 0 | 0 1 |     |
| 1 0 | 0 1 | 1 0 |     |
+-----+-----+-----+-----+
[0m
PLAYER 2
[033m+-----+-----+-----+-----+
| 1 0 | 0 0 | 1 0 |     |
| 1 1 | 0 0 | 1 0 |     |
+-----+-----+-----+-----+
|     | 1 1 | 0 0 | 1 1 |
|     | 0 1 | 0 1 | 1 1 |
+-----+-----+-----+-----+
| 0 1 |     |     | 1 1 |
| 0 0 |     |     | 0 0 |
+-----+-----+-----+-----+
| 0 0 | 1 0 | 0 1 |     |
| 1 0 | 0 1 | 1 0 |     |
+-----+-----+-----+-----+
[0m
PLAYER 2
I chose the piece n°4 : 0011
[033m+-----+-----+-----+-----+
| 1 0 | 0 0 | 1 0 |     |
| 1 1 | 0 0 | 1 0 |     |
+-----+-----+-----+-----+
|     | 1 1 | 0 0 | 1 1 |
|     | 0 1 | 0 1 | 1 1 |
+-----+-----+-----+-----+
| 0 1 |     |     | 1 1 |
| 0 0 |     |     | 0 0 |
+-----+-----+-----+-----+
| 0 0 | 1 0 | 0 1 |     |
| 1 0 | 0 1 | 1 0 |     |
+-----+-----+-----+-----+
[0m
PLAYER 1
I chose the piece n°6 : 0101
[033m+-----+-----+-----+-----+
| 1 0 | 0 0 | 1 0 |     |
| 1 1 | 0 0 | 1 0 |     |
+-----+-----+-----+-----+
|     | 1 1 | 0 0 | 1 1 |
|     | 0 1 | 0 1 | 1 1 |
+-----+-----+-----+-----+
| 0 1 |     |     | 1 1 |
| 0 0 |     |     | 0 0 |
+-----+-----+-----+-----+
| 0 0 | 1 0 | 0 1 |     |
| 1 0 | 0 1 | 1 0 |     |
+-----+-----+-----+-----+
[0m
PLAYER 1
I chose the piece n°8 : 0111
[033m+-----+-----+-----+-----+
| 1 0 | 0 0 | 1 0 |     |
| 1 1 | 0 0 | 1 0 |     |
+-----+-----+-----+-----+
|     | 1 1 | 0 0 | 1 1 |
|     | 0 1 | 0 1 | 1 1 |
+-----+-----+-----+-----+
| 0 1 |     |     | 1 1 |
| 0 0 |     |     | 0 0 |
+-----+-----+-----+-----+
| 0 0 | 1 0 | 0 1 |     |
| 1 0 | 0 1 | 1 0 |     |
+-----+-----+-----+-----+
[0m
PLAYER 1
[033m+-----+-----+-----+-----+
| 1 0 | 0 0 | 1 0 | 0 1 |
| 1 1 | 0 0 | 1 0 | 1 1 |
+-----+-----+-----+-----+
|     | 1 1 | 0 0 | 1 1 |
|     | 0 1 | 0 1 | 1 1 |
+-----+-----+-----+-----+
| 0 1 |     |     | 1 1 |
| 0 0 |     |     | 0 0 |
+-----+-----+-----+-----+
| 0 0 | 1 0 | 0 1 |     |
| 1 0 | 0 1 | 1 0 |     |
+-----+-----+-----+-----+
[0m
PLAYER 1
I chose the piece n°15 : 1110
[033m+-----+-----+-----+-----+
| 1 0 | 0 0 | 1 0 | 0 1 |
| 1 1 | 0 0 | 1 0 | 1 1 |
+-----+-----+-----+-----+
|     | 1 1 | 0 0 | 1 1 |
|     | 0 1 | 0 1 | 1 1 |
+-----+-----+-----+-----+
| 0 1 |     |     | 1 1 |
| 0 0 |     |     | 0 0 |
+-----+-----+-----+-----+
| 0 0 | 1 0 | 0 1 |     |
| 1 0 | 0 1 | 1 0 |     |
+-----+-----+-----+-----+
[0m
PLAYER 2
[033m+-----+-----+-----+-----+
| 1 0 | 0 0 | 1 0 | 0 1 |
| 1 1 | 0 0 | 1 0 | 1 1 |
+-----+-----+-----+-----+
|     | 1 1 | 0 0 | 1 1 |
|     | 0 1 | 0 1 | 1 1 |
+-----+-----+-----+-----+
| 0 1 |     |     | 1 1 |
| 0 0 |     |     | 0 0 |
+-----+-----+-----+-----+
| 0 0 | 1 0 | 0 1 | 1 1 |
| 1 0 | 0 1 | 1 0 | 1 0 |
+-----+-----+-----+-----+
[0m[031m*************************************
* GAME OVER * GAME OVER * GAME OVER *
*************************************
Player 1 aligned long pieces on the 4th column[0m

PLAYER 1
I chose the piece n°6 : 0101
[033m+-----+-----+-----+-----+
|     |     |     |     |
|     |     |     |     |
+-----+-----+-----+-----+
|     |     |     |     |
|     |     |     |     |
+-----+-----+-----+-----+
|     |     |     |     |
|     |     |     |     |
+-----+-----+-----+-----+
|     |     |     |     |
|     |     |     |     |
+-----+-----+-----+-----+
[0m
PLAYER 2
[033m+-----+-----+-----+-----+
|     |     |     |     |
|     |     |     |     |
+-----+-----+-----+-----+
|     |     |     |     |
|     |     |     |     |
+-----+-----+-----+-----+
|     |     |     |     |
|     |     |     |     |
+-----+-----+-----+-----+
| 0 1 |     |     |     |
| 0 1 |     |     |     |
+-----+-----+-----+-----+
[0m
PLAYER 2
I chose the piece n°3 : 0010
[033m+-----+-----+-----+-----+
|     |     |     |     |
|     |     |     |     |
+-----+-----+-----+-----+
|     |     |     |     |
|     |     |     |     |
+-----+-----+-----+-----+
|     |     |     |     |
|     |     |     |     |
+-----+-----+-----+-----+
| 0 1 |     |     |     |
| 0 1 |     |     |     |
+-----+-----+-----+-----+
[0m
PLAYER 1
[033m+-----+-----+-----+-----+
|     |     |     |     |
|     |     |     |     |
+-----+-----+-----+-----+
|     |     | 0 0 |     |
|     |     | 1 0 |     |
+-----+-----+-----+-----+
|     |     |     |     |
|     |     |     |     |
+-----+-----+-----+-----+
| 0 1 |     |     |     |
| 0 1 |     |     |     |
+-----+-----+-----+-----+
[0m
PLAYER 1
I chose the piece n°11 : 1010
[033m+-----+-----+-----+-----+
|     |     |     |     |
|     |     |     |     |
+-----+-----+-----+-----+
|     |     | 0 0 |     |
|     |     | 1 0 |     |
+-----+-----+-----+-----+
|     |     |     |     |
|     |     |     |     |
+-----+-----+-----+-----+
| 0 1 |     |     |     |
| 0 1 |     |     |     |
+-----+-----+-----+-----+
[0m
PLAYER 2
[033m+-----+-----+-----+-----+
|     |     |     |     |
|     |     |     |     |
+-----+-----+-----+-----+
|     |     | 0 0 |     |
|     |     | 1 0 |     |
+-----+-----+-----+-----+
| 1 0 |     |     |     |
| 1 0 |     |     |     |
+-----+-----+-----+-----+
| 0 1 |     |     |     |
| 0 1 |     |     |     |
+-----+-----+-----+-----+
[0m
PLAYER 2
I chose the piece n°10 : 1001
[033m+-----+-----+-----+-----+
|     |     |     |     |
|     |     |     |     |
+-----+-----+-----+-----+
|     |     | 0 0 |     |
|     |     | 1 0 |     |
+-----+-----+-----+-----+
| 1 0 |     |     |     |
| 1 0 |     |     |     |
+-----+-----+-----+-----+
| 0 1 |     |     |     |
| 0 1 |     |     |     |
+-----+-----+-----+-----+
[0m
PLAYER 1
[033m+-----+-----+-----+-----+
|     |     |     |     |
|     |     |     |     |
+-----+-----+-----+-----+
|     |     | 0 0 |     |
|     |     | 1 0 |     |
+-----+-----+-----+-----+
| 1 0 |     |     |     |
| 1 0 |     |     |     |
+-----+-----+-----+-----+
| 0 1 |     |     | 1 0 |
| 0 1 |     |     | 0 1 |
+-----+-----+-----+-----+
[0m
PLAYER 1
I chose the piece n°8 : 0111
[033m+-----+-----+-----+-----+
|     |     |     |     |
|     |     |     |     |
+-----+-----+-----+-----+
|     |     | 0 0 |     |
|     |     | 1 0 |     |
+-----+-----+-----+-----+
| 1 0 |     |     |     |
| 1 0 |     |     |     |
+-----+-----+-----+-----+
| 0 1 |     |     | 1 0 |
| 0 1 |     |     | 0 1 |
+-----+-----+-----+-----+
[0m
PLAYER 2
I chose the piece n°2 : 0001
[033m+-----+-----+-----+-----+
|     |     |     |     |
|     |     |     |     |
+-----+-----+-----+-----+
|     |     | 0 0 |     |
|     |     | 1 0 |     |
+-----+-----+-----+-----+
| 1 0 |     |     |     |
| 1 0 |     |     |     |
+-----+-----+-----+-----+
| 0 1 |     |     | 1 0 |
| 0 1 |     |     | 0 1 |
+-----+-----+-----+-----+
[0m
PLAYER 2
[033m+-----+-----+-----+-----+
|     |     |     |     |
|     |     |     |     |
+-----+-----+-----+-----+
| 0 0 |     | 0 0 |     |
| 0 1 |     | 1 0 |     |
+-----+-----+-----+-----+
| 1 0 |     |     |     |
| 1 0 |     |     |     |
+-----+-----+-----+-----+
| 0 1 |     |     | 1 0 |
| 0 1 |     |     | 0 1 |
+-----+-----+-----+-----+
[0m
PLAYER 2
I chose the piece n°8 : 0111
[033m+-----+-----+-----+-----+
|     |     |     |     |
|     |     |     |     |
+-----+-----+-----+-----+
| 0 0 |     | 0 0 |     |
| 0 1 |     | 1 0 |     |
+-----+-----+-----+-----+
| 1 0 |     |     |     |
| 1 0 |     |     |     |
+-----+-----+-----+-----+
| 0 1 |     |     | 1 0 |
| 0 1 |     |     | 0 1 |
+-----+-----+-----+-----+
[0m
PLAYER 1
[033m+-----+-----+-----+-----+
|     |     |     |     |
|     |     |     |     |
+-----+-----+-----+-----+
| 0 0 |     | 0 0 |     |
| 0 1 |     | 1 0 |     |
+-----+-----+-----+-----+
| 1 0 |     |     |     |
| 1 0 |     |     |     |
+-----+-----+-----+-----+
| 0 1 |     | 0 1 | 1 0 |
| 0 1 |     | 1 1 | 0 1 |
+-----+-----+-----+-----+
[0m
PLAYER 1
I chose the piece n°4 : 0011
[033m+-----+-----+-----+-----+
|     |     |     |     |
|     |     |     |     |
+-----+-----+-----+-----+
| 0 0 |     | 0 0 |     |
| 0 1 |     | 1 0 |     |
+-----+-----+-----+-----+
| 1 0 |     |     |     |
| 1 0 |     |     |     |
+-----+-----+-----+-----+
| 0 1 |     | 0 1 | 1 0 |
| 0 1 |     | 1 1 | 0 1 |
+-----+-----+-----+-----+
[0m
PLAYER 2
[033m+-----+-----+-----+-----+
|     |     |     |     |
|     |     |     |     |
+-----+-----+-----+-----+
| 0 0 |     | 0 0 |     |
| 0 1 |     | 1 0 |     |
+-----+-----+-----+-----+
| 1 0 |     |     |     |
| 1 0 |     |     |     |
+-----+-----+-----+-----+
| 0 1 | 0 0 | 0 1 | 1 0 |
| 0 1 | 1 1 | 1 1 | 0 1 |
+-----+-----+-----+-----+
[0m[031m*************************************
* GAME OVER * GAME OVER * GAME OVER *
*************************************
Player 1 aligned flat pieces on the 4th row[0m
